Archive member included to satisfy reference by file (symbol)

C:/devkitPro/libnds/lib\libfilesystem.a(nitrofs.o)
                              main.o (nitroFSInit)
C:/devkitPro/libnds/lib\libfat.a(libfat.o)
                              C:/devkitPro/libnds/lib\libfilesystem.a(nitrofs.o) (fatInitDefault)
C:/devkitPro/libnds/lib\libfat.a(disc.o)
                              C:/devkitPro/libnds/lib\libfat.a(libfat.o) (_FAT_disc_interfaces)
C:/devkitPro/libnds/lib\libfat.a(fatfile.o)
                              C:/devkitPro/libnds/lib\libfat.a(libfat.o) (_FAT_open_r)
C:/devkitPro/libnds/lib\libfat.a(cache.o)
                              C:/devkitPro/libnds/lib\libfat.a(fatfile.o) (_FAT_cache_readSectors)
C:/devkitPro/libnds/lib\libfat.a(fatdir.o)
                              C:/devkitPro/libnds/lib\libfat.a(libfat.o) (_FAT_stat_r)
C:/devkitPro/libnds/lib\libfat.a(directory.o)
                              C:/devkitPro/libnds/lib\libfat.a(fatfile.o) (_FAT_directory_entryGetCluster)
C:/devkitPro/libnds/lib\libfat.a(partition.o)
                              C:/devkitPro/libnds/lib\libfat.a(libfat.o) (_FAT_partition_destructor)
C:/devkitPro/libnds/lib\libfat.a(lock.o)
                              C:/devkitPro/libnds/lib\libfat.a(partition.o) (_FAT_lock_init)
C:/devkitPro/libnds/lib\libfat.a(filetime.o)
                              C:/devkitPro/libnds/lib\libfat.a(fatfile.o) (_FAT_filetime_getTimeFromRTC)
C:/devkitPro/libnds/lib\libfat.a(file_allocation_table.o)
                              C:/devkitPro/libnds/lib\libfat.a(fatfile.o) (_FAT_fat_nextCluster)
C:/devkitPro/libnds/lib\libnds9.a(dynamicArray.o)
                              main.o (DynamicArrayGet)
C:/devkitPro/libnds/lib\libnds9.a(trig.o)
                              main.o (sinLerp)
C:/devkitPro/libnds/lib\libnds9.a(console.o)
                              main.o (consoleDemoInit)
C:/devkitPro/libnds/lib\libnds9.a(videoGL.o)
                              main.o (glInit_C)
C:/devkitPro/libnds/lib\libnds9.a(keys.o)
                              main.o (scanKeys)
C:/devkitPro/libnds/lib\libnds9.a(dldi.o)
                              C:/devkitPro/libnds/lib\libfat.a(disc.o) (dldiGetInternal)
C:/devkitPro/libnds/lib\libnds9.a(initSystem.o)
                              c:/devkitpro/devkitarm/bin/../lib/gcc/arm-none-eabi/12.1.0/../../../../arm-none-eabi/lib/ds_arm9_crt0.o (initSystem)
C:/devkitPro/libnds/lib\libnds9.a(securearea.o)
                              c:/devkitpro/devkitarm/bin/../lib/gcc/arm-none-eabi/12.1.0/../../../../arm-none-eabi/lib/ds_arm9_crt0.o (__secure_area__)
C:/devkitPro/libnds/lib\libnds9.a(interrupts.o)
                              C:/devkitPro/libnds/lib\libnds9.a(initSystem.o) (irqInit)
C:/devkitPro/libnds/lib\libnds9.a(libnds_exit.arm.o)
                              c:/devkitpro/devkitarm/bin/../lib/gcc/arm-none-eabi/12.1.0/../../../../arm-none-eabi/lib/ds_arm9_crt0.o (__libnds_exit)
C:/devkitPro/libnds/lib\libnds9.a(card.o)
                              C:/devkitPro/libnds/lib\libfilesystem.a(nitrofs.o) (cardParamCommand)
C:/devkitPro/libnds/lib\libnds9.a(fifosystem.o)
                              C:/devkitPro/libnds/lib\libnds9.a(initSystem.o) (fifoSetValue32Handler)
C:/devkitPro/libnds/lib\libnds9.a(dldi_stub.o)
                              C:/devkitPro/libnds/lib\libnds9.a(dldi.o) (_io_dldi_stub)
C:/devkitPro/libnds/lib\libnds9.a(mpu_setup.o)
                              c:/devkitpro/devkitarm/bin/../lib/gcc/arm-none-eabi/12.1.0/../../../../arm-none-eabi/lib/ds_arm9_crt0.o (__libnds_mpu_setup)
C:/devkitPro/libnds/lib\libnds9.a(IntrWait.o)
                              main.o (swiWaitForVBlank)
C:/devkitPro/libnds/lib\libnds9.a(cpu_clock.o)
                              C:/devkitPro/libnds/lib\libnds9.a(initSystem.o) (setCpuClock)
C:/devkitPro/libnds/lib\libnds9.a(interruptDispatcher.o)
                              C:/devkitPro/libnds/lib\libnds9.a(interrupts.o) (IntrMain)
C:/devkitPro/libnds/lib\libnds9.a(biosCalls.o)
                              C:/devkitPro/libnds/lib\libnds9.a(card.o) (swiDelay)
C:/devkitPro/libnds/lib\libnds9.a(debugprint.o)
                              C:/devkitPro/libnds/lib\libnds9.a(console.o) (nocashWrite)
C:/devkitPro/libnds/lib\libnds9.a(swiSoftReset.o)
                              C:/devkitPro/libnds/lib\libnds9.a(fifosystem.o) (swiSoftReset)
C:/devkitPro/libnds/lib\libnds9.a(default_font.bin.o)
                              C:/devkitPro/libnds/lib\libnds9.a(console.o) (default_font_bin)
C:/devkitPro/libnds/lib\libnds9.a(background.o)
                              C:/devkitPro/libnds/lib\libnds9.a(console.o) (bgState)
C:/devkitPro/libnds/lib\libnds9.a(video.o)
                              C:/devkitPro/libnds/lib\libnds9.a(videoGL.o) (vramSetBanks_EFG)
C:/devkitPro/libnds/lib\libnds9.a(system.o)
                              C:/devkitPro/libnds/lib\libnds9.a(initSystem.o) (systemValueHandler)
C:/devkitPro/libnds/lib\libnds9.a(sd.twl.o)
[...]
Memory Configuration

Name             Origin             Length             Attributes
ewram            0x0000000002000000 0x0000000000380000
dtcm             0x0000000002ff0000 0x0000000000004000
vectors          0x0000000001000000 0x0000000000000100
itcm             0x0000000001000100 0x0000000000007f00
*default*        0x0000000000000000 0xffffffffffffffff

Linker script and memory map

                0x0000000002380000                __ewram_end = (ORIGIN (ewram) + LENGTH (ewram))
                0x0000000002380000                __eheap_end = (ORIGIN (ewram) + LENGTH (ewram))
                0x0000000002ff4000                __dtcm_top = (ORIGIN (dtcm) + LENGTH (dtcm))
                0x0000000002ff3ff8                __irq_flags = (__dtcm_top - 0x8)
                0x0000000002ff3ffc                __irq_vector = (__dtcm_top - 0x4)
                0x0000000002ff3f00                __sp_svc = (__dtcm_top - 0x100)
                0x0000000002ff3e00                __sp_irq = (__sp_svc - 0x100)
                0x0000000002ff3d00                __sp_usr = (__sp_irq - 0x100)

.secure         0x0000000002000000      0x800
 *(.secure)
 .secure        0x0000000002000000      0x800 C:/devkitPro/libnds/lib\libnds9.a(securearea.o)
                0x0000000002000000                __secure_area__

.crt0           0x0000000002000800      0x300
                0x0000000002000800                __text_start = .
 *(.crt0)
 .crt0          0x0000000002000800      0x300 c:/devkitpro/devkitarm/bin/../lib/gcc/arm-none-eabi/12.1.0/../../../../arm-none-eabi/lib/ds_arm9_crt0.o
                0x0000000002000800                _start
                0x0000000002000b00                . = ALIGN (0x4)

.plt
 *(.plt)

.init           0x0000000002000b00       0x18
 *(SORT_NONE(.init))
 .init          0x0000000002000b00        0xc c:/devkitpro/devkitarm/bin/../lib/gcc/arm-none-eabi/12.1.0/crti.o
                0x0000000002000b00                _init
 .init          0x0000000002000b0c        0xc c:/devkitpro/devkitarm/bin/../lib/gcc/arm-none-eabi/12.1.0/crtn.o

.text           0x0000000002000b40    0x1afa8
 *(EXCLUDE_FILE(*.twl* *.vectors* *.itcm*) .text)
 .text          0x0000000002000b40      0xbf8 main.o
                0x0000000002000b40                loadTexture
                0x0000000002000d30                min
                0x0000000002000d3c                max
                0x0000000002000d48                calcLight
                0x0000000002000f48                calcLights
                0x00000000020010f8                addPlane
                0x0000000002001240                renderFloor
                0x000000000200139c                renderCube
                0x00000000020014a8                renderScene
 *fill*         0x0000000002001738        0x8 ff
 .text          0x0000000002001740     0x4000 C:/devkitPro/libnds/lib\libnds9.a(dldi_stub.o)
                0x0000000002001740                _io_dldi_stub
 .text          0x0000000002005740      0x114 c:/devkitpro/devkitarm/bin/../lib/gcc/arm-none-eabi/12.1.0\libgcc.a(_udivsi3.o)
                0x0000000002005740                __aeabi_uidiv
                0x0000000002005740                __udivsi3
                0x0000000002005834                __aeabi_uidivmod
 .text          0x0000000002005854      0x148 c:/devkitpro/devkitarm/bin/../lib/gcc/arm-none-eabi/12.1.0\libgcc.a(_divsi3.o)
                0x0000000002005854                __divsi3
                0x0000000002005854                __aeabi_idiv
                0x000000000200597c                __aeabi_idivmod
 .text          0x000000000200599c        0x4 c:/devkitpro/devkitarm/bin/../lib/gcc/arm-none-eabi/12.1.0\libgcc.a(_dvmd_tls.o)
                0x000000000200599c                __aeabi_idiv0
                0x000000000200599c                __aeabi_ldiv0
 .text          0x00000000020059a0       0xd4 c:/devkitpro/devkitarm/bin/../lib/gcc/arm-none-eabi/12.1.0\libgcc.a(_aeabi_ldivmod.o)
                0x00000000020059a0                __aeabi_ldivmod
 .text          0x0000000002005a74       0x28 c:/devkitpro/devkitarm/bin/../lib/gcc/arm-none-eabi/12.1.0\libgcc.a(_clzdi2.o)
                0x0000000002005a74                __clzdi2
 .text          0x0000000002005a9c       0x48 c:/devkitpro/devkitarm/bin/../lib/gcc/arm-none-eabi/12.1.0\libgcc.a(_clzsi2.o)
                0x0000000002005a9c                __clzsi2
 .text          0x0000000002005ae4      0x224 c:/devkitpro/devkitarm/bin/../lib/gcc/arm-none-eabi/12.1.0/../../../../arm-none-eabi/lib\libg.a(lib_a-strcmp.o)
                0x0000000002005ae4                strcmp
 .text          0x0000000002005d08       0x3c c:/devkitpro/devkitarm/bin/../lib/gcc/arm-none-eabi/12.1.0\libgcc.a(_aeabi_uldivmod.o)
                0x0000000002005d08                __aeabi_uldivmod
 *(EXCLUDE_FILE(*.twl* *.vectors* *.itcm*) .stub)
 *(EXCLUDE_FILE(*.twl* *.vectors* *.itcm*) .text.*)
 .text.__do_global_dtors_aux
                0x0000000002005d44       0x40 c:/devkitpro/devkitarm/bin/../lib/gcc/arm-none-eabi/12.1.0/crtbegin.o
 .text.frame_dummy
                0x0000000002005d84       0x30 c:/devkitpro/devkitarm/bin/../lib/gcc/arm-none-eabi/12.1.0/crtbegin.o
 *fill*         0x0000000002005db4        0x4 ff
 .text.startup  0x0000000002005db8      0x954 main.o
                0x0000000002005db8                main
 .text.nitroFSDirClose
                0x000000000200670c        0x4 C:/devkitPro/libnds/lib\libfilesystem.a(nitrofs.o)
 .text.nitroFSSeek
                0x0000000002006710       0x78 C:/devkitPro/libnds/lib\libfilesystem.a(nitrofs.o)
 .text.nitroFSFstat
                0x0000000002006788       0x10 C:/devkitPro/libnds/lib\libfilesystem.a(nitrofs.o)
 .text.nitroSubReadBlock
                0x0000000002006798       0x54 C:/devkitPro/libnds/lib\libfilesystem.a(nitrofs.o)
 .text.nitroSubReadCard
                0x00000000020067ec       0xac C:/devkitPro/libnds/lib\libfilesystem.a(nitrofs.o)
 .text.nitroFSClose
                0x0000000002006898        0x4 C:/devkitPro/libnds/lib\libfilesystem.a(nitrofs.o)
 .text.nitroDirReset
                0x000000000200689c       0xa8 C:/devkitPro/libnds/lib\libfilesystem.a(nitrofs.o)
 .text.nitroFSRead
                0x0000000002006944       0xb4 C:/devkitPro/libnds/lib\libfilesystem.a(nitrofs.o)
 .text.nitroFSDirNext
                0x00000000020069f8      0x318 C:/devkitPro/libnds/lib\libfilesystem.a(nitrofs.o)
 .text.nitroFSDirOpen
                0x0000000002006d10       0xdc C:/devkitPro/libnds/lib\libfilesystem.a(nitrofs.o)
 .text.nitroFSChdir
                0x0000000002006dec       0x30 C:/devkitPro/libnds/lib\libfilesystem.a(nitrofs.o)
 .text.nitroFSOpen
                0x0000000002006e1c       0xc0 C:/devkitPro/libnds/lib\libfilesystem.a(nitrofs.o)
 .text.nitroFSstat
                0x0000000002006edc       0x68 C:/devkitPro/libnds/lib\libfilesystem.a(nitrofs.o)
 .text.nitroFSInit
                0x0000000002006f44      0x108 C:/devkitPro/libnds/lib\libfilesystem.a(nitrofs.o)
                0x0000000002006f44                nitroFSInit
 .text.fatMount.part.0
                0x000000000200704c       0xa0 C:/devkitPro/libnds/lib\libfat.a(libfat.o)
 .text.fatMount
                0x00000000020070ec       0x3c C:/devkitPro/libnds/lib\libfat.a(libfat.o)
                0x00000000020070ec                fatMount
 .text.fatInit  0x0000000002007128      0x130 C:/devkitPro/libnds/lib\libfat.a(libfat.o)
                0x0000000002007128                fatInit
 .text.fatInitDefault
                0x0000000002007258        0xc C:/devkitPro/libnds/lib\libfat.a(libfat.o)
                0x0000000002007258                fatInitDefault
 .text._FAT_check_position_for_next_cluster.part.0
                0x0000000002007264       0x68 C:/devkitPro/libnds/lib\libfat.a(fatfile.o)
 .text._FAT_syncToDisc.part.0
                0x00000000020072cc       0xd4 C:/devkitPro/libnds/lib\libfat.a(fatfile.o)
 .text._FAT_file_extend_r
                0x00000000020073a0      0x208 C:/devkitPro/libnds/lib\libfat.a(fatfile.o)
 .text._FAT_open_r
                0x00000000020075a8      0x2d4 C:/devkitPro/libnds/lib\libfat.a(fatfile.o)
                0x00000000020075a8                _FAT_open_r
 .text._FAT_close_r
                0x000000000200787c       0x74 C:/devkitPro/libnds/lib\libfat.a(fatfile.o)
                0x000000000200787c                _FAT_close_r
 .text._FAT_read_r
                0x00000000020078f0      0x398 C:/devkitPro/libnds/lib\libfat.a(fatfile.o)
                0x00000000020078f0                _FAT_read_r
 .text._FAT_write_r
                0x0000000002007c88      0x53c C:/devkitPro/libnds/lib\libfat.a(fatfile.o)
                0x0000000002007c88                _FAT_write_r
 .text._FAT_seek_r
                0x00000000020081c4      0x194 C:/devkitPro/libnds/lib\libfat.a(fatfile.o)
                0x00000000020081c4                _FAT_seek_r
 .text._FAT_fstat_r
                0x0000000002008358       0x8c C:/devkitPro/libnds/lib\libfat.a(fatfile.o)
                0x0000000002008358                _FAT_fstat_r
 .text._FAT_ftruncate_r
                0x00000000020083e4      0x16c C:/devkitPro/libnds/lib\libfat.a(fatfile.o)
                0x00000000020083e4                _FAT_ftruncate_r
 .text._FAT_fsync_r
                0x0000000002008550       0x44 C:/devkitPro/libnds/lib\libfat.a(fatfile.o)
                0x0000000002008550                _FAT_fsync_r
 .text._FAT_cache_getPage
                0x0000000002008594       0xf0 C:/devkitPro/libnds/lib\libfat.a(cache.o)
 .text._FAT_cache_constructor
                0x0000000002008684       0x90 C:/devkitPro/libnds/lib\libfat.a(cache.o)
                0x0000000002008684                _FAT_cache_constructor
 .text._FAT_cache_readSectors
                0x0000000002008714       0x60 C:/devkitPro/libnds/lib\libfat.a(cache.o)
                0x0000000002008714                _FAT_cache_readSectors
 .text._FAT_cache_readPartialSector
                0x0000000002008774       0x3c C:/devkitPro/libnds/lib\libfat.a(cache.o)
                0x0000000002008774                _FAT_cache_readPartialSector
 .text._FAT_cache_readLittleEndianValue
                0x00000000020087b0       0x70 C:/devkitPro/libnds/lib\libfat.a(cache.o)
                0x00000000020087b0                _FAT_cache_readLittleEndianValue
 .text._FAT_cache_writePartialSector
                0x0000000002008820       0x4c C:/devkitPro/libnds/lib\libfat.a(cache.o)
                0x0000000002008820                _FAT_cache_writePartialSector
 .text._FAT_cache_writeLittleEndianValue
                0x000000000200886c       0x8c C:/devkitPro/libnds/lib\libfat.a(cache.o)
                0x000000000200886c                _FAT_cache_writeLittleEndianValue
 .text._FAT_cache_eraseWritePartialSector
                0x00000000020088f8       0x60 C:/devkitPro/libnds/lib\libfat.a(cache.o)
                0x00000000020088f8                _FAT_cache_eraseWritePartialSector
 .text._FAT_cache_writeSectors
                0x0000000002008958       0x80 C:/devkitPro/libnds/lib\libfat.a(cache.o)
                0x0000000002008958                _FAT_cache_writeSectors
 .text._FAT_cache_flush
                0x00000000020089d8       0x40 C:/devkitPro/libnds/lib\libfat.a(cache.o)
                0x00000000020089d8                _FAT_cache_flush
 .text._FAT_stat_r
                0x0000000002008a18       0x90 C:/devkitPro/libnds/lib\libfat.a(fatdir.o)
                0x0000000002008a18                _FAT_stat_r
 .text._FAT_link_r
                0x0000000002008aa8        0xc C:/devkitPro/libnds/lib\libfat.a(fatdir.o)
                0x0000000002008aa8                _FAT_link_r
 .text._FAT_unlink_r
                0x0000000002008ab4      0x184 C:/devkitPro/libnds/lib\libfat.a(fatdir.o)
                0x0000000002008ab4                _FAT_unlink_r
 .text._FAT_chdir_r
                0x0000000002008c38       0x70 C:/devkitPro/libnds/lib\libfat.a(fatdir.o)
                0x0000000002008c38                _FAT_chdir_r
 .text._FAT_rename_r
                0x0000000002008ca8      0x1c4 C:/devkitPro/libnds/lib\libfat.a(fatdir.o)
                0x0000000002008ca8                _FAT_rename_r
 .text._FAT_mkdir_r
                0x0000000002008e6c      0x244 C:/devkitPro/libnds/lib\libfat.a(fatdir.o)
                0x0000000002008e6c                _FAT_mkdir_r
 .text._FAT_statvfs_r
                0x00000000020090b0       0x78 C:/devkitPro/libnds/lib\libfat.a(fatdir.o)
                0x00000000020090b0                _FAT_statvfs_r
 .text._FAT_diropen_r
                0x0000000002009128       0xb0 C:/devkitPro/libnds/lib\libfat.a(fatdir.o)
                0x0000000002009128                _FAT_diropen_r
 .text._FAT_dirreset_r
                0x00000000020091d8       0x4c C:/devkitPro/libnds/lib\libfat.a(fatdir.o)
                0x00000000020091d8                _FAT_dirreset_r
 .text._FAT_dirnext_r
                0x0000000002009224       0x7c C:/devkitPro/libnds/lib\libfat.a(fatdir.o)
                0x0000000002009224                _FAT_dirnext_r
 .text._FAT_dirclose_r
                0x00000000020092a0       0x20 C:/devkitPro/libnds/lib\libfat.a(fatdir.o)
                0x00000000020092a0                _FAT_dirclose_r
 .text._FAT_directory_entryGetAlias
                0x00000000020092c0       0xc8 C:/devkitPro/libnds/lib\libfat.a(directory.o)
 .text._FAT_directory_incrementDirEntryPosition
                0x0000000002009388       0x80 C:/devkitPro/libnds/lib\libfat.a(directory.o)
 .text._FAT_directory_mbsncasecmp
                0x0000000002009408       0xa8 C:/devkitPro/libnds/lib\libfat.a(directory.o)
 .text._FAT_directory_ucs2tombs.constprop.0
                0x00000000020094b0       0x90 C:/devkitPro/libnds/lib\libfat.a(directory.o)
 .text._FAT_directory_entryGetCluster
                0x0000000002009540       0x20 C:/devkitPro/libnds/lib\libfat.a(directory.o)
                0x0000000002009540                _FAT_directory_entryGetCluster
 .text._FAT_directory_getNextEntry
                0x0000000002009560      0x23c C:/devkitPro/libnds/lib\libfat.a(directory.o)
                0x0000000002009560                _FAT_directory_getNextEntry
 .text._FAT_directory_entryExists
                0x000000000200979c       0x80 C:/devkitPro/libnds/lib\libfat.a(directory.o)
 .text._FAT_directory_getFirstEntry
                0x000000000200981c       0x20 C:/devkitPro/libnds/lib\libfat.a(directory.o)
                0x000000000200981c                _FAT_directory_getFirstEntry
 .text._FAT_directory_getRootEntry
                0x000000000200983c       0x60 C:/devkitPro/libnds/lib\libfat.a(directory.o)
                0x000000000200983c                _FAT_directory_getRootEntry
 .text._FAT_directory_entryFromPosition
                0x000000000200989c      0x150 C:/devkitPro/libnds/lib\libfat.a(directory.o)
                0x000000000200989c                _FAT_directory_entryFromPosition
 .text._FAT_directory_entryFromPath
                0x00000000020099ec      0x248 C:/devkitPro/libnds/lib\libfat.a(directory.o)
                0x00000000020099ec                _FAT_directory_entryFromPath
 .text._FAT_directory_removeEntry
                0x0000000002009c34       0xd8 C:/devkitPro/libnds/lib\libfat.a(directory.o)
                0x0000000002009c34                _FAT_directory_removeEntry
 .text._FAT_directory_addEntry
                0x0000000002009d0c      0x808 C:/devkitPro/libnds/lib\libfat.a(directory.o)
                0x0000000002009d0c                _FAT_directory_addEntry
 .text._FAT_directory_chdir
                0x000000000200a514       0x3c C:/devkitPro/libnds/lib\libfat.a(directory.o)
                0x000000000200a514                _FAT_directory_chdir
 .text._FAT_directory_entryStat
                0x000000000200a550       0xe4 C:/devkitPro/libnds/lib\libfat.a(directory.o)
                0x000000000200a550                _FAT_directory_entryStat
 .text.isValidMBR
                0x000000000200a634       0x5c C:/devkitPro/libnds/lib\libfat.a(partition.o)
 .text._FAT_updateFS_INFO
                0x000000000200a690       0x54 C:/devkitPro/libnds/lib\libfat.a(partition.o)
 .text.FindFirstValidPartition_buf.part.0
                0x000000000200a6e4      0x11c C:/devkitPro/libnds/lib\libfat.a(partition.o)
 .text._FAT_partition_getPartitionFromPath
                0x000000000200a800       0x10 C:/devkitPro/libnds/lib\libfat.a(partition.o)
                0x000000000200a800                _FAT_partition_getPartitionFromPath
 .text._FAT_partition_createFSinfo
                0x000000000200a810       0x50 C:/devkitPro/libnds/lib\libfat.a(partition.o)
                0x000000000200a810                _FAT_partition_createFSinfo
 .text._FAT_partition_readFSinfo.part.0
                0x000000000200a860       0x74 C:/devkitPro/libnds/lib\libfat.a(partition.o)
 .text._FAT_partition_constructor_buf
                0x000000000200a8d4      0x2e8 C:/devkitPro/libnds/lib\libfat.a(partition.o)
                0x000000000200a8d4                _FAT_partition_constructor_buf
 .text._FAT_partition_constructor
                0x000000000200abbc       0x40 C:/devkitPro/libnds/lib\libfat.a(partition.o)
                0x000000000200abbc                _FAT_partition_constructor
 .text._FAT_partition_readFSinfo
                0x000000000200abfc       0x10 C:/devkitPro/libnds/lib\libfat.a(partition.o)
                0x000000000200abfc                _FAT_partition_readFSinfo
 .text._FAT_lock_init
                0x000000000200ac0c        0x4 C:/devkitPro/libnds/lib\libfat.a(lock.o)
                0x000000000200ac0c                _FAT_lock_init
 .text._FAT_lock
                0x000000000200ac10        0x4 C:/devkitPro/libnds/lib\libfat.a(lock.o)
                0x000000000200ac10                _FAT_lock
 .text._FAT_unlock
                0x000000000200ac14        0x4 C:/devkitPro/libnds/lib\libfat.a(lock.o)
                0x000000000200ac14                _FAT_unlock
 .text._FAT_filetime_getTimeFromRTC
                0x000000000200ac18       0x44 C:/devkitPro/libnds/lib\libfat.a(filetime.o)
                0x000000000200ac18                _FAT_filetime_getTimeFromRTC
 .text._FAT_filetime_getDateFromRTC
                0x000000000200ac5c       0x44 C:/devkitPro/libnds/lib\libfat.a(filetime.o)
                0x000000000200ac5c                _FAT_filetime_getDateFromRTC
 .text._FAT_filetime_to_time_t
                0x000000000200aca0       0x38 C:/devkitPro/libnds/lib\libfat.a(filetime.o)
                0x000000000200aca0                _FAT_filetime_to_time_t
 .text._FAT_fat_writeFatEntry.part.0.isra.0
                0x000000000200acd8      0x12c C:/devkitPro/libnds/lib\libfat.a(file_allocation_table.o)
 .text._FAT_fat_nextCluster
                0x000000000200ae04      0x108 C:/devkitPro/libnds/lib\libfat.a(file_allocation_table.o)
                0x000000000200ae04                _FAT_fat_nextCluster
 .text._FAT_fat_linkFreeCluster
                0x000000000200af0c       0xac C:/devkitPro/libnds/lib\libfat.a(file_allocation_table.o)
                0x000000000200af0c                _FAT_fat_linkFreeCluster
 .text._FAT_fat_linkFreeClusterCleared
                0x000000000200afb8       0x68 C:/devkitPro/libnds/lib\libfat.a(file_allocation_table.o)
                0x000000000200afb8                _FAT_fat_linkFreeClusterCleared
 .text._FAT_fat_clearLinks
                0x000000000200b020       0x7c C:/devkitPro/libnds/lib\libfat.a(file_allocation_table.o)
                0x000000000200b020                _FAT_fat_clearLinks
 .text._FAT_fat_trimChain
                0x000000000200b09c       0x80 C:/devkitPro/libnds/lib\libfat.a(file_allocation_table.o)
                0x000000000200b09c                _FAT_fat_trimChain
 .text._FAT_fat_lastCluster
                0x000000000200b11c       0x34 C:/devkitPro/libnds/lib\libfat.a(file_allocation_table.o)
                0x000000000200b11c                _FAT_fat_lastCluster
 .text._FAT_fat_freeClusterCount
                0x000000000200b150       0x2c C:/devkitPro/libnds/lib\libfat.a(file_allocation_table.o)
                0x000000000200b150                _FAT_fat_freeClusterCount
 .text.DynamicArrayInit
                0x000000000200b17c       0x18 C:/devkitPro/libnds/lib\libnds9.a(dynamicArray.o)
                0x000000000200b17c                DynamicArrayInit
 .text.DynamicArrayGet
                0x000000000200b194       0x18 C:/devkitPro/libnds/lib\libnds9.a(dynamicArray.o)
                0x000000000200b194                DynamicArrayGet
 .text.DynamicArraySet
                0x000000000200b1ac       0x48 C:/devkitPro/libnds/lib\libnds9.a(dynamicArray.o)
                0x000000000200b1ac                DynamicArraySet
 .text.sinLutLookup
                0x000000000200b1f4       0x4c C:/devkitPro/libnds/lib\libnds9.a(trig.o)
                0x000000000200b1f4                sinLutLookup
 .text.sinLerp  0x000000000200b240       0x40 C:/devkitPro/libnds/lib\libnds9.a(trig.o)
                0x000000000200b240                sinLerp
 .text.cosLerp  0x000000000200b280       0x4c C:/devkitPro/libnds/lib\libnds9.a(trig.o)
                0x000000000200b280                cosLerp
 .text.tanLerp  0x000000000200b2cc       0xb0 C:/devkitPro/libnds/lib\libnds9.a(trig.o)
                0x000000000200b2cc                tanLerp
 .text.newRow   0x000000000200b37c       0xa8 C:/devkitPro/libnds/lib\libnds9.a(console.o)
 .text.consolePrintChar
                0x000000000200b424       0xe0 C:/devkitPro/libnds/lib\libnds9.a(console.o)
                0x000000000200b424                consolePrintChar
 .text.con_write
                0x000000000200b504      0x36c C:/devkitPro/libnds/lib\libnds9.a(console.o)
                0x000000000200b504                con_write
 .text.consoleLoadFont
                0x000000000200b870      0x2a0 C:/devkitPro/libnds/lib\libnds9.a(console.o)
                0x000000000200b870                consoleLoadFont
 .text.consoleInit
                0x000000000200bb10      0x18c C:/devkitPro/libnds/lib\libnds9.a(console.o)
                0x000000000200bb10                consoleInit
 .text.consoleDemoInit
                0x000000000200bc9c       0x40 C:/devkitPro/libnds/lib\libnds9.a(console.o)
                0x000000000200bc9c                consoleDemoInit
 .text.vramBlock__deallocateBlock.part.0
                0x000000000200bcdc      0x190 C:/devkitPro/libnds/lib\libnds9.a(videoGL.o)
 .text.vramBlock_init
                0x000000000200be6c       0x5c C:/devkitPro/libnds/lib\libnds9.a(videoGL.o)
                0x000000000200be6c                vramBlock_init
 .text.vramBlock__allocateBlock
                0x000000000200bec8      0x178 C:/devkitPro/libnds/lib\libnds9.a(videoGL.o)
                0x000000000200bec8                vramBlock__allocateBlock
 .text.vramBlock_examineSpecial
                0x000000000200c040      0x238 C:/devkitPro/libnds/lib\libnds9.a(videoGL.o)
                0x000000000200c040                vramBlock_examineSpecial
 .text.vramBlock_allocateSpecial
                0x000000000200c278       0x6c C:/devkitPro/libnds/lib\libnds9.a(videoGL.o)
                0x000000000200c278                vramBlock_allocateSpecial
 .text.vramBlock_allocateBlock
                0x000000000200c2e4       0x30 C:/devkitPro/libnds/lib\libnds9.a(videoGL.o)
                0x000000000200c2e4                vramBlock_allocateBlock
 .text.vramBlock_deallocateBlock
                0x000000000200c314       0x48 C:/devkitPro/libnds/lib\libnds9.a(videoGL.o)
                0x000000000200c314                vramBlock_deallocateBlock
 .text.removePaletteFromTexture.part.0
                0x000000000200c35c       0x68 C:/devkitPro/libnds/lib\libnds9.a(videoGL.o)
 .text.glInit_C
                0x000000000200c3c4      0x1cc C:/devkitPro/libnds/lib\libnds9.a(videoGL.o)
                0x000000000200c3c4                glInit_C
 .text.glGenTextures
                0x000000000200c590       0x80 C:/devkitPro/libnds/lib\libnds9.a(videoGL.o)
                0x000000000200c590                glGenTextures
 .text.vramGetBank
                0x000000000200c610       0xb8 C:/devkitPro/libnds/lib\libnds9.a(videoGL.o)
                0x000000000200c610                vramGetBank
 .text.glBindTexture
                0x000000000200c6c8       0x60 C:/devkitPro/libnds/lib\libnds9.a(videoGL.o)
                0x000000000200c6c8                glBindTexture
 .text.glColorTableEXT
                0x000000000200c728      0x1d8 C:/devkitPro/libnds/lib\libnds9.a(videoGL.o)
                0x000000000200c728                glColorTableEXT
 .text.glTexImage2D
                0x000000000200c900      0x40c C:/devkitPro/libnds/lib\libnds9.a(videoGL.o)
                0x000000000200c900                glTexImage2D
 .text.scanKeys
                0x000000000200cd0c       0x8c C:/devkitPro/libnds/lib\libnds9.a(keys.o)
                0x000000000200cd0c                scanKeys
 .text.keysHeld
                0x000000000200cd98        0xc C:/devkitPro/libnds/lib\libnds9.a(keys.o)
                0x000000000200cd98                keysHeld
 .text.keysDown
                0x000000000200cda4       0x14 C:/devkitPro/libnds/lib\libnds9.a(keys.o)
                0x000000000200cda4                keysDown
 .text.keysUp   0x000000000200cdb8       0x18 C:/devkitPro/libnds/lib\libnds9.a(keys.o)
                0x000000000200cdb8                keysUp
 .text.dldiGetInternal
                0x000000000200cdd0       0x34 C:/devkitPro/libnds/lib\libnds9.a(dldi.o)
                0x000000000200cdd0                dldiGetInternal
 .text.get_io_dsisd
                0x000000000200ce04       0x24 C:/devkitPro/libnds/lib\libnds9.a(dldi.o)
                0x000000000200ce04                get_io_dsisd
 .text.__syscall_gettod_r
                0x000000000200ce28       0x28 C:/devkitPro/libnds/lib\libnds9.a(initSystem.o)
                0x000000000200ce28                __syscall_gettod_r
 .text.__syscall_exit
                0x000000000200ce50        0x8 C:/devkitPro/libnds/lib\libnds9.a(initSystem.o)
                0x000000000200ce50                __syscall_exit
 .text.initSystem
                0x000000000200ce58      0x180 C:/devkitPro/libnds/lib\libnds9.a(initSystem.o)
                0x000000000200ce58                initSystem
 .text.irqDummy
                0x000000000200cfd8        0x4 C:/devkitPro/libnds/lib\libnds9.a(interrupts.o)
                0x000000000200cfd8                irqDummy
 .text.irqSet   0x000000000200cfdc       0x6c C:/devkitPro/libnds/lib\libnds9.a(interrupts.o)
                0x000000000200cfdc                irqSet
 .text.irqInit  0x000000000200d048       0x50 C:/devkitPro/libnds/lib\libnds9.a(interrupts.o)
                0x000000000200d048                irqInit
 .text.irqEnable
                0x000000000200d098       0x64 C:/devkitPro/libnds/lib\libnds9.a(interrupts.o)
                0x000000000200d098                irqEnable
 .text.systemErrorExit
                0x000000000200d0fc        0x4 C:/devkitPro/libnds/lib\libnds9.a(libnds_exit.arm.o)
                0x000000000200d0fc                systemErrorExit
 .text.__libnds_exit
                0x000000000200d100       0x5c C:/devkitPro/libnds/lib\libnds9.a(libnds_exit.arm.o)
                0x000000000200d100                __libnds_exit
 .text.cardPolledTransfer
                0x000000000200d15c       0x54 C:/devkitPro/libnds/lib\libnds9.a(card.o)
                0x000000000200d15c                cardPolledTransfer
 .text.cardParamCommand
                0x000000000200d1b0       0x34 C:/devkitPro/libnds/lib\libnds9.a(card.o)
                0x000000000200d1b0                cardParamCommand
 .text.fifo_queueBlock
                0x000000000200d1e4       0x44 C:/devkitPro/libnds/lib\libnds9.a(fifosystem.o)
 .text.fifo_waitBlock
                0x000000000200d228       0x80 C:/devkitPro/libnds/lib\libnds9.a(fifosystem.o)
 .text.fifoInternalSend.part.0
                0x000000000200d2a8       0xd4 C:/devkitPro/libnds/lib\libnds9.a(fifosystem.o)
 .text.fifoInternalSendInterrupt
                0x000000000200d37c       0xb0 C:/devkitPro/libnds/lib\libnds9.a(fifosystem.o)
 .text.fifoSetValue32Handler
                0x000000000200d42c       0xd4 C:/devkitPro/libnds/lib\libnds9.a(fifosystem.o)
                0x000000000200d42c                fifoSetValue32Handler
 .text.fifoSendValue32
                0x000000000200d500       0x4c C:/devkitPro/libnds/lib\libnds9.a(fifosystem.o)
                0x000000000200d500                fifoSendValue32
 .text.fifoSendDatamsg
                0x000000000200d54c       0x90 C:/devkitPro/libnds/lib\libnds9.a(fifosystem.o)
                0x000000000200d54c                fifoSendDatamsg
 .text.fifoGetValue32
                0x000000000200d5dc       0x70 C:/devkitPro/libnds/lib\libnds9.a(fifosystem.o)
                0x000000000200d5dc                fifoGetValue32
 .text.fifoGetDatamsg
                0x000000000200d64c       0xf4 C:/devkitPro/libnds/lib\libnds9.a(fifosystem.o)
                0x000000000200d64c                fifoGetDatamsg
 .text.fifoInternalRecvInterrupt
                0x000000000200d740      0x37c C:/devkitPro/libnds/lib\libnds9.a(fifosystem.o)
 .text.fifoSetDatamsgHandler
                0x000000000200dabc       0x9c C:/devkitPro/libnds/lib\libnds9.a(fifosystem.o)
                0x000000000200dabc                fifoSetDatamsgHandler
 .text.fifoCheckValue32
                0x000000000200db58       0x24 C:/devkitPro/libnds/lib\libnds9.a(fifosystem.o)
                0x000000000200db58                fifoCheckValue32
 .text.fifoInit
                0x000000000200db7c      0x108 C:/devkitPro/libnds/lib\libnds9.a(fifosystem.o)
                0x000000000200db7c                fifoInit
 .text.__libnds_mpu_setup
                0x000000000200dc84      0x174 C:/devkitPro/libnds/lib\libnds9.a(mpu_setup.o)
                0x000000000200dc84                __libnds_mpu_setup
 .text.memUncached
                0x000000000200ddf8       0x20 C:/devkitPro/libnds/lib\libnds9.a(mpu_setup.o)
                0x000000000200ddf8                memUncached
 .text.swiWaitForVBlank
                0x000000000200de18        0x8 C:/devkitPro/libnds/lib\libnds9.a(IntrWait.o)
                0x000000000200de18                swiWaitForVBlank
 .text.swiIntrWait
                0x000000000200de20       0x70 C:/devkitPro/libnds/lib\libnds9.a(IntrWait.o)
                0x000000000200de20                swiIntrWait
 .text.setCpuClock
                0x000000000200de90       0x50 C:/devkitPro/libnds/lib\libnds9.a(cpu_clock.o)
                0x000000000200de90                setCpuClock
 .text.swiDelay
                0x000000000200dee0        0x4 C:/devkitPro/libnds/lib\libnds9.a(biosCalls.o)
                0x000000000200dee0                swiDelay
 .text.swiCopy  0x000000000200dee4        0x4 C:/devkitPro/libnds/lib\libnds9.a(biosCalls.o)
                0x000000000200dee4                swiCopy
 .text.swiSoftReset
                0x000000000200dee8       0x2c C:/devkitPro/libnds/lib\libnds9.a(swiSoftReset.o)
                0x000000000200dee8                swiSoftReset
 .text.checkIfText
                0x000000000200df14       0x5c C:/devkitPro/libnds/lib\libnds9.a(background.o)
                0x000000000200df14                checkIfText
 .text.bgUpdate
                0x000000000200df70       0xf4 C:/devkitPro/libnds/lib\libnds9.a(background.o)
                0x000000000200df70                bgUpdate
 .text.bgInit_call
                0x000000000200e064       0xc4 C:/devkitPro/libnds/lib\libnds9.a(background.o)
                0x000000000200e064                bgInit_call
 .text.bgInitSub_call
                0x000000000200e128       0xcc C:/devkitPro/libnds/lib\libnds9.a(background.o)
                0x000000000200e128                bgInitSub_call
 .text.vramRestorePrimaryBanks
                0x000000000200e1f4        0xc C:/devkitPro/libnds/lib\libnds9.a(video.o)
                0x000000000200e1f4                vramRestorePrimaryBanks
 .text.vramRestoreBanks_EFG
                0x000000000200e200        0xc C:/devkitPro/libnds/lib\libnds9.a(video.o)
                0x000000000200e200                vramRestoreBanks_EFG
 .text.vramDefault
                0x000000000200e20c       0xd0 C:/devkitPro/libnds/lib\libnds9.a(video.o)
                0x000000000200e20c                vramDefault
 .text.systemValueHandler
                0x000000000200e2dc       0x48 C:/devkitPro/libnds/lib\libnds9.a(system.o)
                0x000000000200e2dc                systemValueHandler
 .text.systemMsgHandler
                0x000000000200e324       0x60 C:/devkitPro/libnds/lib\libnds9.a(system.o)
                0x000000000200e324                systemMsgHandler
 .text.powerOn  0x000000000200e384       0x2c C:/devkitPro/libnds/lib\libnds9.a(system.o)
                0x000000000200e384                powerOn
 .text.DC_FlushRange
                0x000000000200e3b0       0x24 C:/devkitPro/libnds/lib\libnds9.a(dcache.o)
                0x000000000200e3b0                DC_FlushRange
 .text.__muldi3
                0x000000000200e3d4       0x18 c:/devkitpro/devkitarm/bin/../lib/gcc/arm-none-eabi/12.1.0\libgcc.a(_muldi3.o)
                0x000000000200e3d4                __muldi3
                0x000000000200e3d4                __aeabi_lmul
 .text.__udivmoddi4
                0x000000000200e3ec      0x128 c:/devkitpro/devkitarm/bin/../lib/gcc/arm-none-eabi/12.1.0\libgcc.a(_udivmoddi4.o)
                0x000000000200e3ec                __udivmoddi4
 .text.__assert_func
                0x000000000200e514       0x5c c:/devkitpro/devkitarm/bin/../lib/gcc/arm-none-eabi/12.1.0/../../../../arm-none-eabi/lib\libg.a(lib_a-assert.o)
                0x000000000200e514                __assert_func
 .text.calloc   0x000000000200e570       0x24 c:/devkitpro/devkitarm/bin/../lib/gcc/arm-none-eabi/12.1.0/../../../../arm-none-eabi/lib\libg.a(lib_a-calloc.o)
                0x000000000200e570                calloc
 .text._calloc_r
                0x000000000200e594       0xd0 c:/devkitpro/devkitarm/bin/../lib/gcc/arm-none-eabi/12.1.0/../../../../arm-none-eabi/lib\libg.a(lib_a-callocr.o)
                0x000000000200e594                _calloc_r
 .text.__errno  0x000000000200e664       0x10 c:/devkitpro/devkitarm/bin/../lib/gcc/arm-none-eabi/12.1.0/../../../../arm-none-eabi/lib\libg.a(lib_a-errno.o)
                0x000000000200e664                __errno
 .text._fclose_r
                0x000000000200e674      0x164 c:/devkitpro/devkitarm/bin/../lib/gcc/arm-none-eabi/12.1.0/../../../../arm-none-eabi/lib\libg.a(lib_a-fclose.o)
                0x000000000200e674                _fclose_r
 .text.fclose   0x000000000200e7d8       0x18 c:/devkitpro/devkitarm/bin/../lib/gcc/arm-none-eabi/12.1.0/../../../../arm-none-eabi/lib\libg.a(lib_a-fclose.o)
                0x000000000200e7d8                fclose
 .text.__sflush_r
                0x000000000200e7f0      0x250 c:/devkitpro/devkitarm/bin/../lib/gcc/arm-none-eabi/12.1.0/../../../../arm-none-eabi/lib\libg.a(lib_a-fflush.o)
                0x000000000200e7f0                __sflush_r
 .text._fflush_r
                0x000000000200ea40       0x9c c:/devkitpro/devkitarm/bin/../lib/gcc/arm-none-eabi/12.1.0/../../../../arm-none-eabi/lib\libg.a(lib_a-fflush.o)
                0x000000000200ea40                _fflush_r
 .text.fflush   0x000000000200eadc       0x3c c:/devkitpro/devkitarm/bin/../lib/gcc/arm-none-eabi/12.1.0/../../../../arm-none-eabi/lib\libg.a(lib_a-fflush.o)
                0x000000000200eadc                fflush
 .text._cleanup_r
                0x000000000200eb18       0x18 c:/devkitpro/devkitarm/bin/../lib/gcc/arm-none-eabi/12.1.0/../../../../arm-none-eabi/lib\libg.a(lib_a-findfp.o)
                0x000000000200eb18                _cleanup_r
 .text.__sinit  0x000000000200eb30      0x18c c:/devkitpro/devkitarm/bin/../lib/gcc/arm-none-eabi/12.1.0/../../../../arm-none-eabi/lib\libg.a(lib_a-findfp.o)
                0x000000000200eb30                __sinit
 .text.__sfp    0x000000000200ecbc      0x138 c:/devkitpro/devkitarm/bin/../lib/gcc/arm-none-eabi/12.1.0/../../../../arm-none-eabi/lib\libg.a(lib_a-findfp.o)
                0x000000000200ecbc                __sfp
 .text.__sfp_lock_acquire
                0x000000000200edf4       0x18 c:/devkitpro/devkitarm/bin/../lib/gcc/arm-none-eabi/12.1.0/../../../../arm-none-eabi/lib\libg.a(lib_a-findfp.o)
                0x000000000200edf4                __sfp_lock_acquire
 .text.__sfp_lock_release
                0x000000000200ee0c       0x18 c:/devkitpro/devkitarm/bin/../lib/gcc/arm-none-eabi/12.1.0/../../../../arm-none-eabi/lib\libg.a(lib_a-findfp.o)
                0x000000000200ee0c                __sfp_lock_release
 .text.fiprintf
                0x000000000200ee24       0x3c c:/devkitpro/devkitarm/bin/../lib/gcc/arm-none-eabi/12.1.0/../../../../arm-none-eabi/lib\libg.a(lib_a-fiprintf.o)
                0x000000000200ee24                fiprintf
 .text._fopen_r
                0x000000000200ee60      0x140 c:/devkitpro/devkitarm/bin/../lib/gcc/arm-none-eabi/12.1.0/../../../../arm-none-eabi/lib\libg.a(lib_a-fopen.o)
                0x000000000200ee60                _fopen_r
 .text.fopen    0x000000000200efa0       0x20 c:/devkitpro/devkitarm/bin/../lib/gcc/arm-none-eabi/12.1.0/../../../../arm-none-eabi/lib\libg.a(lib_a-fopen.o)
                0x000000000200efa0                fopen
 .text._fread_r
                0x000000000200efc0      0x2d8 c:/devkitpro/devkitarm/bin/../lib/gcc/arm-none-eabi/12.1.0/../../../../arm-none-eabi/lib\libg.a(lib_a-fread.o)
                0x000000000200efc0                _fread_r
 .text.fread    0x000000000200f298       0x3c c:/devkitpro/devkitarm/bin/../lib/gcc/arm-none-eabi/12.1.0/../../../../arm-none-eabi/lib\libg.a(lib_a-fread.o)
                0x000000000200f298                fread
 .text._malloc_trim_r
                0x000000000200f2d4      0x100 c:/devkitpro/devkitarm/bin/../lib/gcc/arm-none-eabi/12.1.0/../../../../arm-none-eabi/lib\libg.a(lib_a-freer.o)
                0x000000000200f2d4                _malloc_trim_r
 .text._free_r  0x000000000200f3d4      0x2e8 c:/devkitpro/devkitarm/bin/../lib/gcc/arm-none-eabi/12.1.0/../../../../arm-none-eabi/lib\libg.a(lib_a-freer.o)
                0x000000000200f3d4                _free_r
 .text._fseek_r
                0x000000000200f6bc       0x20 c:/devkitpro/devkitarm/bin/../lib/gcc/arm-none-eabi/12.1.0/../../../../arm-none-eabi/lib\libg.a(lib_a-fseek.o)
                0x000000000200f6bc                _fseek_r
 .text.fseek    0x000000000200f6dc       0x38 c:/devkitpro/devkitarm/bin/../lib/gcc/arm-none-eabi/12.1.0/../../../../arm-none-eabi/lib\libg.a(lib_a-fseek.o)
                0x000000000200f6dc                fseek
 .text._fseeko_r
                0x000000000200f714      0x5a0 c:/devkitpro/devkitarm/bin/../lib/gcc/arm-none-eabi/12.1.0/../../../../arm-none-eabi/lib\libg.a(lib_a-fseeko.o)
                0x000000000200f714                _fseeko_r
 .text.ftell    0x000000000200fcb4       0x30 c:/devkitpro/devkitarm/bin/../lib/gcc/arm-none-eabi/12.1.0/../../../../arm-none-eabi/lib\libg.a(lib_a-ftell.o)
                0x000000000200fcb4                ftell
 .text._ftello_r
                0x000000000200fce4      0x1c0 c:/devkitpro/devkitarm/bin/../lib/gcc/arm-none-eabi/12.1.0/../../../../arm-none-eabi/lib\libg.a(lib_a-ftello.o)
                0x000000000200fce4                _ftello_r
 .text._fwalk   0x000000000200fea4       0x70 c:/devkitpro/devkitarm/bin/../lib/gcc/arm-none-eabi/12.1.0/../../../../arm-none-eabi/lib\libg.a(lib_a-fwalk.o)
                0x000000000200fea4                _fwalk
 .text._fwalk_reent
                0x000000000200ff14       0x78 c:/devkitpro/devkitarm/bin/../lib/gcc/arm-none-eabi/12.1.0/../../../../arm-none-eabi/lib\libg.a(lib_a-fwalk.o)
                0x000000000200ff14                _fwalk_reent
 .text.__libc_init_array
                0x000000000200ff8c       0x90 c:/devkitpro/devkitarm/bin/../lib/gcc/arm-none-eabi/12.1.0/../../../../arm-none-eabi/lib\libg.a(lib_a-init.o)
                0x000000000200ff8c                __libc_init_array
 .text.localtime_r
                0x000000000201001c      0x370 c:/devkitpro/devkitarm/bin/../lib/gcc/arm-none-eabi/12.1.0/../../../../arm-none-eabi/lib\libg.a(lib_a-lcltime_r.o)
                0x000000000201001c                localtime_r
 .text.__locale_mb_cur_max
                0x000000000201038c       0x10 c:/devkitpro/devkitarm/bin/../lib/gcc/arm-none-eabi/12.1.0/../../../../arm-none-eabi/lib\libg.a(lib_a-locale.o)
                0x000000000201038c                __locale_mb_cur_max
 .text.__smakebuf_r
                0x000000000201039c      0x144 c:/devkitpro/devkitarm/bin/../lib/gcc/arm-none-eabi/12.1.0/../../../../arm-none-eabi/lib\libg.a(lib_a-makebuf.o)
                0x000000000201039c                __smakebuf_r
 .text.__swhatbuf_r
                0x00000000020104e0       0x80 c:/devkitpro/devkitarm/bin/../lib/gcc/arm-none-eabi/12.1.0/../../../../arm-none-eabi/lib\libg.a(lib_a-makebuf.o)
                0x00000000020104e0                __swhatbuf_r
 .text.malloc   0x0000000002010560       0x1c c:/devkitpro/devkitarm/bin/../lib/gcc/arm-none-eabi/12.1.0/../../../../arm-none-eabi/lib\libg.a(lib_a-malloc.o)
                0x0000000002010560                malloc
 .text.free     0x000000000201057c       0x1c c:/devkitpro/devkitarm/bin/../lib/gcc/arm-none-eabi/12.1.0/../../../../arm-none-eabi/lib\libg.a(lib_a-malloc.o)
                0x000000000201057c                free
 .text._malloc_r
                0x0000000002010598      0x7f0 c:/devkitpro/devkitarm/bin/../lib/gcc/arm-none-eabi/12.1.0/../../../../arm-none-eabi/lib\libg.a(lib_a-mallocr.o)
                0x0000000002010598                _malloc_r
 .text._mbrtowc_r
                0x0000000002010d88       0x70 c:/devkitpro/devkitarm/bin/../lib/gcc/arm-none-eabi/12.1.0/../../../../arm-none-eabi/lib\libg.a(lib_a-mbrtowc.o)
                0x0000000002010d88                _mbrtowc_r
 .text.mbrtowc  0x0000000002010df8       0x88 c:/devkitpro/devkitarm/bin/../lib/gcc/arm-none-eabi/12.1.0/../../../../arm-none-eabi/lib\libg.a(lib_a-mbrtowc.o)
                0x0000000002010df8                mbrtowc
 .text.mbsrtowcs
                0x0000000002010e80       0x40 c:/devkitpro/devkitarm/bin/../lib/gcc/arm-none-eabi/12.1.0/../../../../arm-none-eabi/lib\libg.a(lib_a-mbsrtowcs.o)
                0x0000000002010e80                mbsrtowcs
 .text.__utf8_mbtowc
                0x0000000002010ec0      0x308 c:/devkitpro/devkitarm/bin/../lib/gcc/arm-none-eabi/12.1.0/../../../../arm-none-eabi/lib\libg.a(lib_a-mbtowc_r.o)
                0x0000000002010ec0                __utf8_mbtowc
 .text.memcmp   0x00000000020111c8       0xbc c:/devkitpro/devkitarm/bin/../lib/gcc/arm-none-eabi/12.1.0/../../../../arm-none-eabi/lib\libg.a(lib_a-memcmp.o)
                0x00000000020111c8                memcmp
 .text.memcpy   0x0000000002011284      0x114 c:/devkitpro/devkitarm/bin/../lib/gcc/arm-none-eabi/12.1.0/../../../../arm-none-eabi/lib\libg.a(lib_a-memcpy-stub.o)
                0x0000000002011284                memcpy
 .text.memmove  0x0000000002011398      0x154 c:/devkitpro/devkitarm/bin/../lib/gcc/arm-none-eabi/12.1.0/../../../../arm-none-eabi/lib\libg.a(lib_a-memmove.o)
                0x0000000002011398                memmove
 .text.memset   0x00000000020114ec       0xfc c:/devkitpro/devkitarm/bin/../lib/gcc/arm-none-eabi/12.1.0/../../../../arm-none-eabi/lib\libg.a(lib_a-memset.o)
                0x00000000020114ec                memset
 .text.validate_structure
                0x00000000020115e8      0x2e0 c:/devkitpro/devkitarm/bin/../lib/gcc/arm-none-eabi/12.1.0/../../../../arm-none-eabi/lib\libg.a(lib_a-mktime.o)
 .text.mktime   0x00000000020118c8      0x4c0 c:/devkitpro/devkitarm/bin/../lib/gcc/arm-none-eabi/12.1.0/../../../../arm-none-eabi/lib\libg.a(lib_a-mktime.o)
                0x00000000020118c8                mktime
 .text.__malloc_lock
                0x0000000002011d88       0x18 c:/devkitpro/devkitarm/bin/../lib/gcc/arm-none-eabi/12.1.0/../../../../arm-none-eabi/lib\libg.a(lib_a-mlock.o)
                0x0000000002011d88                __malloc_lock
 .text.__malloc_unlock
                0x0000000002011da0       0x18 c:/devkitpro/devkitarm/bin/../lib/gcc/arm-none-eabi/12.1.0/../../../../arm-none-eabi/lib\libg.a(lib_a-mlock.o)
                0x0000000002011da0                __malloc_unlock
 .text._puts_r  0x0000000002011db8       0xe8 c:/devkitpro/devkitarm/bin/../lib/gcc/arm-none-eabi/12.1.0/../../../../arm-none-eabi/lib\libg.a(lib_a-puts.o)
                0x0000000002011db8                _puts_r
 .text.puts     0x0000000002011ea0       0x18 c:/devkitpro/devkitarm/bin/../lib/gcc/arm-none-eabi/12.1.0/../../../../arm-none-eabi/lib\libg.a(lib_a-puts.o)
                0x0000000002011ea0                puts
 .text.realloc  0x0000000002011eb8       0x24 c:/devkitpro/devkitarm/bin/../lib/gcc/arm-none-eabi/12.1.0/../../../../arm-none-eabi/lib\libg.a(lib_a-realloc.o)
                0x0000000002011eb8                realloc
 .text._realloc_r
                0x0000000002011edc      0x4b8 c:/devkitpro/devkitarm/bin/../lib/gcc/arm-none-eabi/12.1.0/../../../../arm-none-eabi/lib\libg.a(lib_a-reallocr.o)
                0x0000000002011edc                _realloc_r
 .text.lflush   0x0000000002012394       0x28 c:/devkitpro/devkitarm/bin/../lib/gcc/arm-none-eabi/12.1.0/../../../../arm-none-eabi/lib\libg.a(lib_a-refill.o)
 .text.__srefill_r
                0x00000000020123bc      0x198 c:/devkitpro/devkitarm/bin/../lib/gcc/arm-none-eabi/12.1.0/../../../../arm-none-eabi/lib\libg.a(lib_a-refill.o)
                0x00000000020123bc                __srefill_r
 .text.setvbuf  0x0000000002012554      0x25c c:/devkitpro/devkitarm/bin/../lib/gcc/arm-none-eabi/12.1.0/../../../../arm-none-eabi/lib\libg.a(lib_a-setvbuf.o)
                0x0000000002012554                setvbuf
 .text.siscanf  0x00000000020127b0       0x74 c:/devkitpro/devkitarm/bin/../lib/gcc/arm-none-eabi/12.1.0/../../../../arm-none-eabi/lib\libg.a(lib_a-siscanf.o)
                0x00000000020127b0                siscanf
 .text.__sread  0x0000000002012824       0x4c c:/devkitpro/devkitarm/bin/../lib/gcc/arm-none-eabi/12.1.0/../../../../arm-none-eabi/lib\libg.a(lib_a-stdio.o)
                0x0000000002012824                __sread
 .text.__seofread
                0x0000000002012870        0x8 c:/devkitpro/devkitarm/bin/../lib/gcc/arm-none-eabi/12.1.0/../../../../arm-none-eabi/lib\libg.a(lib_a-stdio.o)
                0x0000000002012870                __seofread
 .text.__swrite
                0x0000000002012878       0x6c c:/devkitpro/devkitarm/bin/../lib/gcc/arm-none-eabi/12.1.0/../../../../arm-none-eabi/lib\libg.a(lib_a-stdio.o)
                0x0000000002012878                __swrite
 .text.__sseek  0x00000000020128e4       0x48 c:/devkitpro/devkitarm/bin/../lib/gcc/arm-none-eabi/12.1.0/../../../../arm-none-eabi/lib\libg.a(lib_a-stdio.o)
                0x00000000020128e4                __sseek
 .text.__sclose
                0x000000000201292c       0x14 c:/devkitpro/devkitarm/bin/../lib/gcc/arm-none-eabi/12.1.0/../../../../arm-none-eabi/lib\libg.a(lib_a-stdio.o)
                0x000000000201292c                __sclose
 .text.stpcpy   0x0000000002012940       0x74 c:/devkitpro/devkitarm/bin/../lib/gcc/arm-none-eabi/12.1.0/../../../../arm-none-eabi/lib\libg.a(lib_a-stpcpy.o)
                0x0000000002012940                stpcpy
 .text.strcasecmp
                0x00000000020129b4       0x70 c:/devkitpro/devkitarm/bin/../lib/gcc/arm-none-eabi/12.1.0/../../../../arm-none-eabi/lib\libg.a(lib_a-strcasecmp.o)
                0x00000000020129b4                strcasecmp
 .text.strchr   0x0000000002012a24      0x13c c:/devkitpro/devkitarm/bin/../lib/gcc/arm-none-eabi/12.1.0/../../../../arm-none-eabi/lib\libg.a(lib_a-strchr.o)
                0x0000000002012a24                strchr
 .text.strcpy   0x0000000002012b60       0xf0 c:/devkitpro/devkitarm/bin/../lib/gcc/arm-none-eabi/12.1.0/../../../../arm-none-eabi/lib\libg.a(lib_a-strcpy.o)
                0x0000000002012b60                strcpy
 .text.strdup   0x0000000002012c50       0x1c c:/devkitpro/devkitarm/bin/../lib/gcc/arm-none-eabi/12.1.0/../../../../arm-none-eabi/lib\libg.a(lib_a-strdup.o)
                0x0000000002012c50                strdup
 .text._strdup_r
                0x0000000002012c6c       0x44 c:/devkitpro/devkitarm/bin/../lib/gcc/arm-none-eabi/12.1.0/../../../../arm-none-eabi/lib\libg.a(lib_a-strdup_r.o)
                0x0000000002012c6c                _strdup_r
 .text.strlen   0x0000000002012cb0       0x60 c:/devkitpro/devkitarm/bin/../lib/gcc/arm-none-eabi/12.1.0/../../../../arm-none-eabi/lib\libg.a(lib_a-strlen-stub.o)
                0x0000000002012cb0                strlen
 .text.strncasecmp
                0x0000000002012d10       0x8c c:/devkitpro/devkitarm/bin/../lib/gcc/arm-none-eabi/12.1.0/../../../../arm-none-eabi/lib\libg.a(lib_a-strncasecmp.o)
                0x0000000002012d10                strncasecmp
 .text.strncmp  0x0000000002012d9c       0xec c:/devkitpro/devkitarm/bin/../lib/gcc/arm-none-eabi/12.1.0/../../../../arm-none-eabi/lib\libg.a(lib_a-strncmp.o)
                0x0000000002012d9c                strncmp
 .text.strncpy  0x0000000002012e88       0xd0 c:/devkitpro/devkitarm/bin/../lib/gcc/arm-none-eabi/12.1.0/../../../../arm-none-eabi/lib\libg.a(lib_a-strncpy.o)
                0x0000000002012e88                strncpy
 .text.strnlen  0x0000000002012f58       0x48 c:/devkitpro/devkitarm/bin/../lib/gcc/arm-none-eabi/12.1.0/../../../../arm-none-eabi/lib\libg.a(lib_a-strnlen.o)
                0x0000000002012f58                strnlen
 .text.strpbrk  0x0000000002012fa0       0x7c c:/devkitpro/devkitarm/bin/../lib/gcc/arm-none-eabi/12.1.0/../../../../arm-none-eabi/lib\libg.a(lib_a-strpbrk.o)
                0x0000000002012fa0                strpbrk
 .text.strrchr  0x000000000201301c       0x58 c:/devkitpro/devkitarm/bin/../lib/gcc/arm-none-eabi/12.1.0/../../../../arm-none-eabi/lib\libg.a(lib_a-strrchr.o)
                0x000000000201301c                strrchr
 .text._strtol_l.part.0
                0x0000000002013074      0x1a8 c:/devkitpro/devkitarm/bin/../lib/gcc/arm-none-eabi/12.1.0/../../../../arm-none-eabi/lib\libg.a(lib_a-strtol.o)
 .text._strtol_r
                0x000000000201321c       0x3c c:/devkitpro/devkitarm/bin/../lib/gcc/arm-none-eabi/12.1.0/../../../../arm-none-eabi/lib\libg.a(lib_a-strtol.o)
                0x000000000201321c                _strtol_r
 .text.get_arg  0x0000000002013258       0x54 c:/devkitpro/devkitarm/bin/../lib/gcc/arm-none-eabi/12.1.0/../../../../arm-none-eabi/lib\libg.a(lib_a-svfiscanf.o)
 .text._sungetc_r
                0x00000000020132ac       0xdc c:/devkitpro/devkitarm/bin/../lib/gcc/arm-none-eabi/12.1.0/../../../../arm-none-eabi/lib\libg.a(lib_a-svfiscanf.o)
                0x00000000020132ac                _sungetc_r
 .text.__ssrefill_r
                0x0000000002013388       0x68 c:/devkitpro/devkitarm/bin/../lib/gcc/arm-none-eabi/12.1.0/../../../../arm-none-eabi/lib\libg.a(lib_a-svfiscanf.o)
                0x0000000002013388                __ssrefill_r
 .text._sfread_r
                0x00000000020133f0       0xc8 c:/devkitpro/devkitarm/bin/../lib/gcc/arm-none-eabi/12.1.0/../../../../arm-none-eabi/lib\libg.a(lib_a-svfiscanf.o)
                0x00000000020133f0                _sfread_r
 .text.__ssvfiscanf_r
                0x00000000020134b8     0x2338 c:/devkitpro/devkitarm/bin/../lib/gcc/arm-none-eabi/12.1.0/../../../../arm-none-eabi/lib\libg.a(lib_a-svfiscanf.o)
                0x00000000020134b8                __ssvfiscanf_r
 .text.lseek    0x00000000020157f0       0x3c c:/devkitpro/devkitarm/bin/../lib/gcc/arm-none-eabi/12.1.0/../../../../arm-none-eabi/lib\libg.a(lib_a-syslseek.o)
                0x00000000020157f0                lseek
 .text.open     0x000000000201582c       0x40 c:/devkitpro/devkitarm/bin/../lib/gcc/arm-none-eabi/12.1.0/../../../../arm-none-eabi/lib\libg.a(lib_a-sysopen.o)
                0x000000000201582c                open
 .text.read     0x000000000201586c       0x2c c:/devkitpro/devkitarm/bin/../lib/gcc/arm-none-eabi/12.1.0/../../../../arm-none-eabi/lib\libg.a(lib_a-sysread.o)
                0x000000000201586c                read
 .text.time     0x0000000002015898       0x40 c:/devkitpro/devkitarm/bin/../lib/gcc/arm-none-eabi/12.1.0/../../../../arm-none-eabi/lib\libg.a(lib_a-time.o)
                0x0000000002015898                time
 .text.towlower
                0x00000000020158d8       0x14 c:/devkitpro/devkitarm/bin/../lib/gcc/arm-none-eabi/12.1.0/../../../../arm-none-eabi/lib\libg.a(lib_a-towlower.o)
                0x00000000020158d8                towlower
 .text.towupper
                0x00000000020158ec       0x14 c:/devkitpro/devkitarm/bin/../lib/gcc/arm-none-eabi/12.1.0/../../../../arm-none-eabi/lib\libg.a(lib_a-towupper.o)
                0x00000000020158ec                towupper
 .text.__tzcalc_limits
                0x0000000002015900      0x254 c:/devkitpro/devkitarm/bin/../lib/gcc/arm-none-eabi/12.1.0/../../../../arm-none-eabi/lib\libg.a(lib_a-tzcalc_limits.o)
                0x0000000002015900                __tzcalc_limits
 .text.__tz_lock
                0x0000000002015b54       0x18 c:/devkitpro/devkitarm/bin/../lib/gcc/arm-none-eabi/12.1.0/../../../../arm-none-eabi/lib\libg.a(lib_a-tzlock.o)
                0x0000000002015b54                __tz_lock
 .text.__tz_unlock
                0x0000000002015b6c       0x18 c:/devkitpro/devkitarm/bin/../lib/gcc/arm-none-eabi/12.1.0/../../../../arm-none-eabi/lib\libg.a(lib_a-tzlock.o)
                0x0000000002015b6c                __tz_unlock
 .text._tzset_unlocked
                0x0000000002015b84       0x14 c:/devkitpro/devkitarm/bin/../lib/gcc/arm-none-eabi/12.1.0/../../../../arm-none-eabi/lib\libg.a(lib_a-tzset.o)
                0x0000000002015b84                _tzset_unlocked
 .text._tzset_unlocked_r
                0x0000000002015b98      0x47c c:/devkitpro/devkitarm/bin/../lib/gcc/arm-none-eabi/12.1.0/../../../../arm-none-eabi/lib\libg.a(lib_a-tzset_r.o)
                0x0000000002015b98                _tzset_unlocked_r
 .text.__submore
                0x0000000002016014       0xa8 c:/devkitpro/devkitarm/bin/../lib/gcc/arm-none-eabi/12.1.0/../../../../arm-none-eabi/lib\libg.a(lib_a-ungetc.o)
                0x0000000002016014                __submore
 .text.get_arg  0x00000000020160bc      0x674 c:/devkitpro/devkitarm/bin/../lib/gcc/arm-none-eabi/12.1.0/../../../../arm-none-eabi/lib\libg.a(lib_a-vfiprintf.o)
 .text.__sprint_r
                0x0000000002016730       0x34 c:/devkitpro/devkitarm/bin/../lib/gcc/arm-none-eabi/12.1.0/../../../../arm-none-eabi/lib\libg.a(lib_a-vfiprintf.o)
                0x0000000002016730                __sprint_r
 .text._vfiprintf_r
                0x0000000002016764     0x2320 c:/devkitpro/devkitarm/bin/../lib/gcc/arm-none-eabi/12.1.0/../../../../arm-none-eabi/lib\libg.a(lib_a-vfiprintf.o)
                0x0000000002016764                _vfiprintf_r
 .text.__sbprintf
                0x0000000002018a84       0xd4 c:/devkitpro/devkitarm/bin/../lib/gcc/arm-none-eabi/12.1.0/../../../../arm-none-eabi/lib\libg.a(lib_a-vfiprintf.o)
 .text._wcrtomb_r
                0x0000000002018b58       0x5c c:/devkitpro/devkitarm/bin/../lib/gcc/arm-none-eabi/12.1.0/../../../../arm-none-eabi/lib\libg.a(lib_a-wcrtomb.o)
                0x0000000002018b58                _wcrtomb_r
 .text.wcrtomb  0x0000000002018bb4       0x78 c:/devkitpro/devkitarm/bin/../lib/gcc/arm-none-eabi/12.1.0/../../../../arm-none-eabi/lib\libg.a(lib_a-wcrtomb.o)
                0x0000000002018bb4                wcrtomb
 .text._wcsrtombs_r
                0x0000000002018c2c       0x2c c:/devkitpro/devkitarm/bin/../lib/gcc/arm-none-eabi/12.1.0/../../../../arm-none-eabi/lib\libg.a(lib_a-wcsrtombs.o)
                0x0000000002018c2c                _wcsrtombs_r
 .text.wctob    0x0000000002018c58       0x70 c:/devkitpro/devkitarm/bin/../lib/gcc/arm-none-eabi/12.1.0/../../../../arm-none-eabi/lib\libg.a(lib_a-wctob.o)
                0x0000000002018c58                wctob
 .text.__utf8_wctomb
                0x0000000002018cc8       0xf4 c:/devkitpro/devkitarm/bin/../lib/gcc/arm-none-eabi/12.1.0/../../../../arm-none-eabi/lib\libg.a(lib_a-wctomb_r.o)
                0x0000000002018cc8                __utf8_wctomb
 .text.__swsetup_r
                0x0000000002018dbc      0x148 c:/devkitpro/devkitarm/bin/../lib/gcc/arm-none-eabi/12.1.0/../../../../arm-none-eabi/lib\libg.a(lib_a-wsetup.o)
                0x0000000002018dbc                __swsetup_r
 .text.abort    0x0000000002018f04       0x14 c:/devkitpro/devkitarm/bin/../lib/gcc/arm-none-eabi/12.1.0/../../../../arm-none-eabi/lib\libg.a(lib_a-abort.o)
                0x0000000002018f04                abort
 .text.div      0x0000000002018f18       0x2c c:/devkitpro/devkitarm/bin/../lib/gcc/arm-none-eabi/12.1.0/../../../../arm-none-eabi/lib\libg.a(lib_a-div.o)
                0x0000000002018f18                div
 .text.__sflags
                0x0000000002018f44       0xd0 c:/devkitpro/devkitarm/bin/../lib/gcc/arm-none-eabi/12.1.0/../../../../arm-none-eabi/lib\libg.a(lib_a-flags.o)
                0x0000000002018f44                __sflags
 .text.__sfvwrite_r
                0x0000000002019014      0x4c8 c:/devkitpro/devkitarm/bin/../lib/gcc/arm-none-eabi/12.1.0/../../../../arm-none-eabi/lib\libg.a(lib_a-fvwrite.o)
                0x0000000002019014                __sfvwrite_r
 .text._findenv_r
                0x00000000020194dc       0xd0 c:/devkitpro/devkitarm/bin/../lib/gcc/arm-none-eabi/12.1.0/../../../../arm-none-eabi/lib\libg.a(lib_a-getenv_r.o)
                0x00000000020194dc                _findenv_r
 .text._getenv_r
                0x00000000020195ac       0x1c c:/devkitpro/devkitarm/bin/../lib/gcc/arm-none-eabi/12.1.0/../../../../arm-none-eabi/lib\libg.a(lib_a-getenv_r.o)
                0x00000000020195ac                _getenv_r
 .text.__gettzinfo
                0x00000000020195c8        0xc c:/devkitpro/devkitarm/bin/../lib/gcc/arm-none-eabi/12.1.0/../../../../arm-none-eabi/lib\libg.a(lib_a-gettzinfo.o)
                0x00000000020195c8                __gettzinfo
 .text.gmtime_r
                0x00000000020195d4      0x26c c:/devkitpro/devkitarm/bin/../lib/gcc/arm-none-eabi/12.1.0/../../../../arm-none-eabi/lib\libg.a(lib_a-gmtime_r.o)
                0x00000000020195d4                gmtime_r
 .text.iswspace
                0x0000000002019840       0x14 c:/devkitpro/devkitarm/bin/../lib/gcc/arm-none-eabi/12.1.0/../../../../arm-none-eabi/lib\libg.a(lib_a-iswspace.o)
                0x0000000002019840                iswspace
 .text._localeconv_r
                0x0000000002019854        0xc c:/devkitpro/devkitarm/bin/../lib/gcc/arm-none-eabi/12.1.0/../../../../arm-none-eabi/lib\libg.a(lib_a-localeconv.o)
                0x0000000002019854                _localeconv_r
 .text._mbsnrtowcs_r
                0x0000000002019860      0x104 c:/devkitpro/devkitarm/bin/../lib/gcc/arm-none-eabi/12.1.0/../../../../arm-none-eabi/lib\libg.a(lib_a-mbsnrtowcs.o)
                0x0000000002019860                _mbsnrtowcs_r
 .text.memchr   0x0000000002019964       0xf4 c:/devkitpro/devkitarm/bin/../lib/gcc/arm-none-eabi/12.1.0/../../../../arm-none-eabi/lib\libg.a(lib_a-memchr-stub.o)
                0x0000000002019964                memchr
 .text.__sccl   0x0000000002019a58       0xe4 c:/devkitpro/devkitarm/bin/../lib/gcc/arm-none-eabi/12.1.0/../../../../arm-none-eabi/lib\libg.a(lib_a-sccl.o)
                0x0000000002019a58                __sccl
 .text._raise_r
                0x0000000002019b3c       0x94 c:/devkitpro/devkitarm/bin/../lib/gcc/arm-none-eabi/12.1.0/../../../../arm-none-eabi/lib\libg.a(lib_a-signal.o)
                0x0000000002019b3c                _raise_r
 .text.raise    0x0000000002019bd0       0x18 c:/devkitpro/devkitarm/bin/../lib/gcc/arm-none-eabi/12.1.0/../../../../arm-none-eabi/lib\libg.a(lib_a-signal.o)
                0x0000000002019bd0                raise
 .text._strtoll_l.constprop.0
                0x0000000002019be8      0x234 c:/devkitpro/devkitarm/bin/../lib/gcc/arm-none-eabi/12.1.0/../../../../arm-none-eabi/lib\libg.a(lib_a-strtoll.o)
 .text._strtoll_r
                0x0000000002019e1c        0x4 c:/devkitpro/devkitarm/bin/../lib/gcc/arm-none-eabi/12.1.0/../../../../arm-none-eabi/lib\libg.a(lib_a-strtoll.o)
                0x0000000002019e1c                _strtoll_r
 .text._strtoull_l.constprop.0
                0x0000000002019e20      0x248 c:/devkitpro/devkitarm/bin/../lib/gcc/arm-none-eabi/12.1.0/../../../../arm-none-eabi/lib\libg.a(lib_a-strtoull.o)
 .text._strtoull_r
                0x000000000201a068        0x4 c:/devkitpro/devkitarm/bin/../lib/gcc/arm-none-eabi/12.1.0/../../../../arm-none-eabi/lib\libg.a(lib_a-strtoull.o)
                0x000000000201a068                _strtoull_r
 .text._strtoul_l.constprop.0
                0x000000000201a06c      0x1c8 c:/devkitpro/devkitarm/bin/../lib/gcc/arm-none-eabi/12.1.0/../../../../arm-none-eabi/lib\libg.a(lib_a-strtoul.o)
 .text._strtoul_r
                0x000000000201a234        0x4 c:/devkitpro/devkitarm/bin/../lib/gcc/arm-none-eabi/12.1.0/../../../../arm-none-eabi/lib\libg.a(lib_a-strtoul.o)
                0x000000000201a234                _strtoul_r
 .text.strtoul  0x000000000201a238       0x28 c:/devkitpro/devkitarm/bin/../lib/gcc/arm-none-eabi/12.1.0/../../../../arm-none-eabi/lib\libg.a(lib_a-strtoul.o)
                0x000000000201a238                strtoul
 .text.towctrans
                0x000000000201a260       0x48 c:/devkitpro/devkitarm/bin/../lib/gcc/arm-none-eabi/12.1.0/../../../../arm-none-eabi/lib\libg.a(lib_a-towctrans.o)
                0x000000000201a260                towctrans
 .text._wcsnrtombs_l
                0x000000000201a2a8      0x198 c:/devkitpro/devkitarm/bin/../lib/gcc/arm-none-eabi/12.1.0/../../../../arm-none-eabi/lib\libg.a(lib_a-wcsnrtombs.o)
                0x000000000201a2a8                _wcsnrtombs_l
 .text._wcsnrtombs_r
                0x000000000201a440       0x50 c:/devkitpro/devkitarm/bin/../lib/gcc/arm-none-eabi/12.1.0/../../../../arm-none-eabi/lib\libg.a(lib_a-wcsnrtombs.o)
                0x000000000201a440                _wcsnrtombs_r
 .text.__env_lock
                0x000000000201a490       0x18 c:/devkitpro/devkitarm/bin/../lib/gcc/arm-none-eabi/12.1.0/../../../../arm-none-eabi/lib\libg.a(lib_a-envlock.o)
                0x000000000201a490                __env_lock
 .text.__env_unlock
                0x000000000201a4a8       0x18 c:/devkitpro/devkitarm/bin/../lib/gcc/arm-none-eabi/12.1.0/../../../../arm-none-eabi/lib\libg.a(lib_a-envlock.o)
                0x000000000201a4a8                __env_unlock
 .text.iswspace_l
                0x000000000201a4c0       0x44 c:/devkitpro/devkitarm/bin/../lib/gcc/arm-none-eabi/12.1.0/../../../../arm-none-eabi/lib\libg.a(lib_a-iswspace_l.o)
                0x000000000201a4c0                iswspace_l
 .text.__jp2uc  0x000000000201a504      0x1e8 c:/devkitpro/devkitarm/bin/../lib/gcc/arm-none-eabi/12.1.0/../../../../arm-none-eabi/lib\libg.a(lib_a-jp2uc.o)
 .text._jp2uc_l
                0x000000000201a6ec       0x94 c:/devkitpro/devkitarm/bin/../lib/gcc/arm-none-eabi/12.1.0/../../../../arm-none-eabi/lib\libg.a(lib_a-jp2uc.o)
                0x000000000201a6ec                _jp2uc_l
 .text._uc2jp_l
                0x000000000201a780       0x74 c:/devkitpro/devkitarm/bin/../lib/gcc/arm-none-eabi/12.1.0/../../../../arm-none-eabi/lib\libg.a(lib_a-jp2uc.o)
                0x000000000201a780                _uc2jp_l
 .text.towctrans_l
                0x000000000201a7f4      0x274 c:/devkitpro/devkitarm/bin/../lib/gcc/arm-none-eabi/12.1.0/../../../../arm-none-eabi/lib\libg.a(lib_a-towctrans_l.o)
                0x000000000201a7f4                towctrans_l
 .text.category
                0x000000000201aa68       0x94 c:/devkitpro/devkitarm/bin/../lib/gcc/arm-none-eabi/12.1.0/../../../../arm-none-eabi/lib\libg.a(lib_a-categories.o)
                0x000000000201aa68                category
 .text.null_write
                0x000000000201aafc        0x8 c:/devkitpro/devkitarm/bin/../lib/gcc/arm-none-eabi/12.1.0/../../../../arm-none-eabi/lib\libsysbase.a(iosupport.o)
 .text.setDefaultDevice
                0x000000000201ab04       0x18 c:/devkitpro/devkitarm/bin/../lib/gcc/arm-none-eabi/12.1.0/../../../../arm-none-eabi/lib\libsysbase.a(iosupport.o)
                0x000000000201ab04                setDefaultDevice
 .text.FindDevice
                0x000000000201ab1c       0xd4 c:/devkitpro/devkitarm/bin/../lib/gcc/arm-none-eabi/12.1.0/../../../../arm-none-eabi/lib\libsysbase.a(iosupport.o)
                0x000000000201ab1c                FindDevice
 .text.AddDevice
                0x000000000201abf0       0xa4 c:/devkitpro/devkitarm/bin/../lib/gcc/arm-none-eabi/12.1.0/../../../../arm-none-eabi/lib\libsysbase.a(iosupport.o)
                0x000000000201abf0                AddDevice
 .text.GetDeviceOpTab
                0x000000000201ac94       0x24 c:/devkitpro/devkitarm/bin/../lib/gcc/arm-none-eabi/12.1.0/../../../../arm-none-eabi/lib\libsysbase.a(iosupport.o)
                0x000000000201ac94                GetDeviceOpTab
 .text._fstat_r
                0x000000000201acb8       0x7c c:/devkitpro/devkitarm/bin/../lib/gcc/arm-none-eabi/12.1.0/../../../../arm-none-eabi/lib\libsysbase.a(fstat.o)
                0x000000000201acb8                _fstat_r
 .text._getpid_r
                0x000000000201ad34       0x14 c:/devkitpro/devkitarm/bin/../lib/gcc/arm-none-eabi/12.1.0/../../../../arm-none-eabi/lib\libsysbase.a(getpid.o)
                0x000000000201ad34                _getpid_r
 .text._gettimeofday_r
                0x000000000201ad48       0x34 c:/devkitpro/devkitarm/bin/../lib/gcc/arm-none-eabi/12.1.0/../../../../arm-none-eabi/lib\libsysbase.a(gettod.o)
                0x000000000201ad48                _gettimeofday_r
 .text._isatty_r
                0x000000000201ad7c        0x8 c:/devkitpro/devkitarm/bin/../lib/gcc/arm-none-eabi/12.1.0/../../../../arm-none-eabi/lib\libsysbase.a(isatty.o)
                0x000000000201ad7c                _isatty_r
 .text._kill_r  0x000000000201ad84       0x14 c:/devkitpro/devkitarm/bin/../lib/gcc/arm-none-eabi/12.1.0/../../../../arm-none-eabi/lib\libsysbase.a(kill.o)
                0x000000000201ad84                _kill_r
 .text._lseek_r
                0x000000000201ad98       0x88 c:/devkitpro/devkitarm/bin/../lib/gcc/arm-none-eabi/12.1.0/../../../../arm-none-eabi/lib\libsysbase.a(lseek.o)
                0x000000000201ad98                _lseek_r
 .text._open_r  0x000000000201ae20       0xc8 c:/devkitpro/devkitarm/bin/../lib/gcc/arm-none-eabi/12.1.0/../../../../arm-none-eabi/lib\libsysbase.a(open.o)
                0x000000000201ae20                _open_r
 .text._read_r  0x000000000201aee8       0x84 c:/devkitpro/devkitarm/bin/../lib/gcc/arm-none-eabi/12.1.0/../../../../arm-none-eabi/lib\libsysbase.a(read.o)
                0x000000000201aee8                _read_r
 .text._sbrk_r  0x000000000201af6c       0x7c c:/devkitpro/devkitarm/bin/../lib/gcc/arm-none-eabi/12.1.0/../../../../arm-none-eabi/lib\libsysbase.a(sbrk.o)
                0x000000000201af6c                _sbrk_r
 .text._write_r
                0x000000000201afe8       0x84 c:/devkitpro/devkitarm/bin/../lib/gcc/arm-none-eabi/12.1.0/../../../../arm-none-eabi/lib\libsysbase.a(write.o)
                0x000000000201afe8                _write_r
 .text._exit    0x000000000201b06c       0x20 c:/devkitpro/devkitarm/bin/../lib/gcc/arm-none-eabi/12.1.0/../../../../arm-none-eabi/lib\libsysbase.a(_exit.o)
                0x000000000201b06c                _exit
 .text._concatenate_path
                0x000000000201b08c      0x1b0 c:/devkitpro/devkitarm/bin/../lib/gcc/arm-none-eabi/12.1.0/../../../../arm-none-eabi/lib\libsysbase.a(chdir.o)
                0x000000000201b08c                _concatenate_path
 .text.chdir    0x000000000201b23c      0x148 c:/devkitpro/devkitarm/bin/../lib/gcc/arm-none-eabi/12.1.0/../../../../arm-none-eabi/lib\libsysbase.a(chdir.o)
                0x000000000201b23c                chdir
 .text.getcwd   0x000000000201b384       0x8c c:/devkitpro/devkitarm/bin/../lib/gcc/arm-none-eabi/12.1.0/../../../../arm-none-eabi/lib\libsysbase.a(chdir.o)
                0x000000000201b384                getcwd
 .text.build_argv
                0x000000000201b410       0x80 c:/devkitpro/devkitarm/bin/../lib/gcc/arm-none-eabi/12.1.0/../../../../arm-none-eabi/lib\libsysbase.a(build_argv.o)
                0x000000000201b410                build_argv
 .text.__flockfile
                0x000000000201b490       0x14 c:/devkitpro/devkitarm/bin/../lib/gcc/arm-none-eabi/12.1.0/../../../../arm-none-eabi/lib\libsysbase.a(flock.o)
                0x000000000201b490                __flockfile
 .text.__funlockfile
                0x000000000201b4a4       0x14 c:/devkitpro/devkitarm/bin/../lib/gcc/arm-none-eabi/12.1.0/../../../../arm-none-eabi/lib\libsysbase.a(flock.o)
                0x000000000201b4a4                __funlockfile
 .text.__release_handle
                0x000000000201b4b8       0x90 c:/devkitpro/devkitarm/bin/../lib/gcc/arm-none-eabi/12.1.0/../../../../arm-none-eabi/lib\libsysbase.a(handle_manager.o)
                0x000000000201b4b8                __release_handle
 .text.__alloc_handle
                0x000000000201b548       0xb4 c:/devkitpro/devkitarm/bin/../lib/gcc/arm-none-eabi/12.1.0/../../../../arm-none-eabi/lib\libsysbase.a(handle_manager.o)
                0x000000000201b548                __alloc_handle
 .text.__get_handle
                0x000000000201b5fc       0x40 c:/devkitpro/devkitarm/bin/../lib/gcc/arm-none-eabi/12.1.0/../../../../arm-none-eabi/lib\libsysbase.a(handle_manager.o)
                0x000000000201b5fc                __get_handle
 .text._close_r
                0x000000000201b63c       0xfc c:/devkitpro/devkitarm/bin/../lib/gcc/arm-none-eabi/12.1.0/../../../../arm-none-eabi/lib\libsysbase.a(handle_manager.o)
                0x000000000201b63c                _close_r
 .text.__getreent
                0x000000000201b738       0x30 c:/devkitpro/devkitarm/bin/../lib/gcc/arm-none-eabi/12.1.0/../../../../arm-none-eabi/lib\libsysbase.a(getreent.o)
                0x000000000201b738                __getreent
 .text.__libc_lock_acquire
                0x000000000201b768       0x20 c:/devkitpro/devkitarm/bin/../lib/gcc/arm-none-eabi/12.1.0/../../../../arm-none-eabi/lib\libsysbase.a(syscall_support.o)
                0x000000000201b768                __libc_lock_acquire
 .text.__libc_lock_release
                0x000000000201b788       0x20 c:/devkitpro/devkitarm/bin/../lib/gcc/arm-none-eabi/12.1.0/../../../../arm-none-eabi/lib\libsysbase.a(syscall_support.o)
                0x000000000201b788                __libc_lock_release
 .text.__libc_lock_init_recursive
                0x000000000201b7a8       0x20 c:/devkitpro/devkitarm/bin/../lib/gcc/arm-none-eabi/12.1.0/../../../../arm-none-eabi/lib\libsysbase.a(syscall_support.o)
                0x000000000201b7a8                __libc_lock_init_recursive
 .text.__libc_lock_acquire_recursive
                0x000000000201b7c8       0x20 c:/devkitpro/devkitarm/bin/../lib/gcc/arm-none-eabi/12.1.0/../../../../arm-none-eabi/lib\libsysbase.a(syscall_support.o)
                0x000000000201b7c8                __libc_lock_acquire_recursive
 .text.__libc_lock_release_recursive
                0x000000000201b7e8       0x20 c:/devkitpro/devkitarm/bin/../lib/gcc/arm-none-eabi/12.1.0/../../../../arm-none-eabi/lib\libsysbase.a(syscall_support.o)
                0x000000000201b7e8                __libc_lock_release_recursive
 .text.__libc_lock_close_recursive
                0x000000000201b808       0x20 c:/devkitpro/devkitarm/bin/../lib/gcc/arm-none-eabi/12.1.0/../../../../arm-none-eabi/lib\libsysbase.a(syscall_support.o)
                0x000000000201b808                __libc_lock_close_recursive
 .text.__libc_lock_close_recursive.__stub
                0x000000000201b828      0x278 linker stubs
 *(EXCLUDE_FILE(*.twl*) .gnu.warning)
 *(EXCLUDE_FILE(*.twl*) .gnu.linkonce.t*)
 *(.glue_7)
 .glue_7        0x000000000201bae8        0x0 linker stubs
 *(.glue_7t)
 .glue_7t       0x000000000201bae8        0x0 linker stubs
                0x000000000201bae8                . = ALIGN (0x4)

.vfp11_veneer   0x000000000201bae8        0x0
 .vfp11_veneer  0x000000000201bae8        0x0 linker stubs

.v4_bx          0x000000000201bae8        0x0
 .v4_bx         0x000000000201bae8        0x0 linker stubs

.iplt           0x000000000201bae8        0x0
 .iplt          0x000000000201bae8        0x0 c:/devkitpro/devkitarm/bin/../lib/gcc/arm-none-eabi/12.1.0/../../../../arm-none-eabi/lib/ds_arm9_crt0.o

.fini           0x000000000201bae8       0x18
 *(.fini)
 .fini          0x000000000201bae8        0xc c:/devkitpro/devkitarm/bin/../lib/gcc/arm-none-eabi/12.1.0/crti.o
                0x000000000201bae8                _fini
 .fini          0x000000000201baf4        0xc c:/devkitpro/devkitarm/bin/../lib/gcc/arm-none-eabi/12.1.0/crtn.o
                0x000000000201bb00                __text_end = .

.rodata         0x000000000201bb00     0x968c
 *(EXCLUDE_FILE(*.twl*) .rodata)
 .rodata        0x000000000201bb00       0x30 main.o
 .rodata        0x000000000201bb30       0x24 C:/devkitPro/libnds/lib\libnds9.a(videoGL.o)
 *all.rodata*(*)
 *(EXCLUDE_FILE(*.twl*) .roda)
 *(EXCLUDE_FILE(*.twl*) .rodata.*)
 .rodata.str1.4
                0x000000000201bb54      0x12f main.o
 *fill*         0x000000000201bc83        0x1 ff
 .rodata.nitroFSInit.str1.4
                0x000000000201bc84        0x8 C:/devkitPro/libnds/lib\libfilesystem.a(nitrofs.o)
 .rodata.str1.4
                0x000000000201bc8c        0xe C:/devkitPro/libnds/lib\libfilesystem.a(nitrofs.o)
 *fill*         0x000000000201bc9a        0x2 ff
 .rodata.fatMount.part.0.str1.4
                0x000000000201bc9c        0x2 C:/devkitPro/libnds/lib\libfat.a(libfat.o)
 *fill*         0x000000000201bc9e        0x2 ff
 .rodata.fatInit.str1.4
                0x000000000201bca0        0x3 C:/devkitPro/libnds/lib\libfat.a(libfat.o)
 *fill*         0x000000000201bca3        0x1 ff
 .rodata.str1.4
                0x000000000201bca4        0x4 C:/devkitPro/libnds/lib\libfat.a(libfat.o)
 .rodata.dotab_fat
                0x000000000201bca8       0x70 C:/devkitPro/libnds/lib\libfat.a(libfat.o)
 .rodata.str1.4
                0x000000000201bd18        0x3 C:/devkitPro/libnds/lib\libfat.a(disc.o)
                                          0x8 (size before relaxing)
 *fill*         0x000000000201bd1b        0x1 ff
 .rodata._FAT_disc_interfaces
                0x000000000201bd1c       0x18 C:/devkitPro/libnds/lib\libfat.a(disc.o)
                0x000000000201bd1c                _FAT_disc_interfaces
 .rodata._FAT_directory_entryFromPath.str1.4
                0x000000000201bd34        0x7 C:/devkitPro/libnds/lib\libfat.a(directory.o)
 .rodata.ILLEGAL_ALIAS_CHARACTERS
                0x000000000201bd34       0x12 C:/devkitPro/libnds/lib\libfat.a(directory.o)
 *fill*         0x000000000201bd46        0x2 ff
 .rodata.ILLEGAL_LFN_CHARACTERS
                0x000000000201bd48        0xa C:/devkitPro/libnds/lib\libfat.a(directory.o)
 *fill*         0x000000000201bd52        0x2 ff
 .rodata.LFN_offset_table
                0x000000000201bd54       0x34 C:/devkitPro/libnds/lib\libfat.a(directory.o)
 .rodata.FAT_SIG
                0x000000000201bd88        0x3 C:/devkitPro/libnds/lib\libfat.a(partition.o)
 *fill*         0x000000000201bd8b        0x1 ff
 .rodata.FS_TWL_SIG
                0x000000000201bd8c        0x8 C:/devkitPro/libnds/lib\libfat.a(partition.o)
 .rodata.SIN_LUT
                0x000000000201bd94      0x102 C:/devkitPro/libnds/lib\libnds9.a(trig.o)
                0x000000000201bd94                SIN_LUT
 *fill*         0x000000000201be96        0x2 ff
 .rodata.TAN_LUT
                0x000000000201be98      0x204 C:/devkitPro/libnds/lib\libnds9.a(trig.o)
                0x000000000201be98                TAN_LUT
 .rodata.con_write.str1.4
                0x000000000201c09c       0x30 C:/devkitPro/libnds/lib\libnds9.a(console.o)
 .rodata.con_write
                0x000000000201c0cc       0xd4 C:/devkitPro/libnds/lib\libnds9.a(console.o)
 .rodata.str1.4
                0x000000000201c1a0       0x14 C:/devkitPro/libnds/lib\libnds9.a(console.o)
 .rodata.dotab_stdout
                0x000000000201c1b4       0x70 C:/devkitPro/libnds/lib\libnds9.a(console.o)
 .rodata.default_font_bin
                0x000000000201c224     0x2000 C:/devkitPro/libnds/lib\libnds9.a(default_font.bin.o)
                0x000000000201c224                default_font_bin
                0x000000000201e224                default_font_bin_end
 .rodata.__assert_func.str1.4
                0x000000000201e224       0x3f c:/devkitpro/devkitarm/bin/../lib/gcc/arm-none-eabi/12.1.0/../../../../arm-none-eabi/lib\libg.a(lib_a-assert.o)
                                         0x43 (size before relaxing)
 *fill*         0x000000000201e263        0x1 ff
 .rodata._ctype_
                0x000000000201e264      0x101 c:/devkitpro/devkitarm/bin/../lib/gcc/arm-none-eabi/12.1.0/../../../../arm-none-eabi/lib\libg.a(lib_a-ctype_.o)
                0x000000000201e264                _ctype_
 *fill*         0x000000000201e365        0x3 ff
 .rodata._global_impure_ptr
                0x000000000201e368        0x4 c:/devkitpro/devkitarm/bin/../lib/gcc/arm-none-eabi/12.1.0/../../../../arm-none-eabi/lib\libg.a(lib_a-impure.o)
                0x000000000201e368                _global_impure_ptr
 .rodata.str1.4
                0x000000000201e36c       0x44 c:/devkitpro/devkitarm/bin/../lib/gcc/arm-none-eabi/12.1.0/../../../../arm-none-eabi/lib\libg.a(lib_a-locale.o)
                                         0x4c (size before relaxing)
 .rodata._mbrtowc_r.str1.4
                0x000000000201e3b0        0x1 c:/devkitpro/devkitarm/bin/../lib/gcc/arm-none-eabi/12.1.0/../../../../arm-none-eabi/lib\libg.a(lib_a-mbrtowc.o)
 .rodata._DAYS_BEFORE_MONTH
                0x000000000201e3b0       0x30 c:/devkitpro/devkitarm/bin/../lib/gcc/arm-none-eabi/12.1.0/../../../../arm-none-eabi/lib\libg.a(lib_a-mktime.o)
 .rodata.DAYS_IN_MONTH
                0x000000000201e3e0       0x30 c:/devkitpro/devkitarm/bin/../lib/gcc/arm-none-eabi/12.1.0/../../../../arm-none-eabi/lib\libg.a(lib_a-mktime.o)
 .rodata.__month_lengths
                0x000000000201e410       0x60 c:/devkitpro/devkitarm/bin/../lib/gcc/arm-none-eabi/12.1.0/../../../../arm-none-eabi/lib\libg.a(lib_a-month_lengths.o)
                0x000000000201e410                __month_lengths
 .rodata._puts_r.str1.4
                0x000000000201e470       0x44 c:/devkitpro/devkitarm/bin/../lib/gcc/arm-none-eabi/12.1.0/../../../../arm-none-eabi/lib\libg.a(lib_a-puts.o)
                                          0x2 (size before relaxing)
 .rodata.basefix.0
                0x000000000201e470       0x22 c:/devkitpro/devkitarm/bin/../lib/gcc/arm-none-eabi/12.1.0/../../../../arm-none-eabi/lib\libg.a(lib_a-svfiscanf.o)
 *fill*         0x000000000201e492        0x2 ff
 .rodata._tzset_unlocked_r.str1.4
                0x000000000201e494       0x53 c:/devkitpro/devkitarm/bin/../lib/gcc/arm-none-eabi/12.1.0/../../../../arm-none-eabi/lib\libg.a(lib_a-tzset_r.o)
 .rodata.str1.4
                0x000000000201e4e7        0x4 c:/devkitpro/devkitarm/bin/../lib/gcc/arm-none-eabi/12.1.0/../../../../arm-none-eabi/lib\libg.a(lib_a-tzvars.o)
 .rodata._vfiprintf_r.str1.1
                0x000000000201e4e7       0x29 c:/devkitpro/devkitarm/bin/../lib/gcc/arm-none-eabi/12.1.0/../../../../arm-none-eabi/lib\libg.a(lib_a-vfiprintf.o)
 .rodata.zeroes.0
                0x000000000201e510       0x10 c:/devkitpro/devkitarm/bin/../lib/gcc/arm-none-eabi/12.1.0/../../../../arm-none-eabi/lib\libg.a(lib_a-vfiprintf.o)
 .rodata.blanks.1
                0x000000000201e520       0x10 c:/devkitpro/devkitarm/bin/../lib/gcc/arm-none-eabi/12.1.0/../../../../arm-none-eabi/lib\libg.a(lib_a-vfiprintf.o)
 .rodata.__action_table
                0x000000000201e530       0x6c c:/devkitpro/devkitarm/bin/../lib/gcc/arm-none-eabi/12.1.0/../../../../arm-none-eabi/lib\libg.a(lib_a-svfiprintf.o)
                0x000000000201e530                __action_table
 .rodata.__state_table
                0x000000000201e59c       0x6c c:/devkitpro/devkitarm/bin/../lib/gcc/arm-none-eabi/12.1.0/../../../../arm-none-eabi/lib\libg.a(lib_a-svfiprintf.o)
                0x000000000201e59c                __state_table
 .rodata.__chclass
                0x000000000201e608      0x100 c:/devkitpro/devkitarm/bin/../lib/gcc/arm-none-eabi/12.1.0/../../../../arm-none-eabi/lib\libg.a(lib_a-svfiprintf.o)
                0x000000000201e608                __chclass
 .rodata._jp2uc_l.str1.4
                0x000000000201e708       0x12 c:/devkitpro/devkitarm/bin/../lib/gcc/arm-none-eabi/12.1.0/../../../../arm-none-eabi/lib\libg.a(lib_a-jp2uc.o)
 *fill*         0x000000000201e71a        0x2 ff
 .rodata.d02f4  0x000000000201e71c     0x1a7c c:/devkitpro/devkitarm/bin/../lib/gcc/arm-none-eabi/12.1.0/../../../../arm-none-eabi/lib\libg.a(lib_a-jp2uc.o)
 .rodata.b02cf  0x0000000002020198     0x172a c:/devkitpro/devkitarm/bin/../lib/gcc/arm-none-eabi/12.1.0/../../../../arm-none-eabi/lib\libg.a(lib_a-jp2uc.o)
 *fill*         0x00000000020218c2        0x2 ff
 .rodata.a8     0x00000000020218c4       0x40 c:/devkitpro/devkitarm/bin/../lib/gcc/arm-none-eabi/12.1.0/../../../../arm-none-eabi/lib\libg.a(lib_a-jp2uc.o)
 .rodata.a7     0x0000000002021904       0xa2 c:/devkitpro/devkitarm/bin/../lib/gcc/arm-none-eabi/12.1.0/../../../../arm-none-eabi/lib\libg.a(lib_a-jp2uc.o)
 *fill*         0x00000000020219a6        0x2 ff
 .rodata.a6     0x00000000020219a8       0x70 c:/devkitpro/devkitarm/bin/../lib/gcc/arm-none-eabi/12.1.0/../../../../arm-none-eabi/lib\libg.a(lib_a-jp2uc.o)
 .rodata.a3     0x0000000002021a18       0x5b c:/devkitpro/devkitarm/bin/../lib/gcc/arm-none-eabi/12.1.0/../../../../arm-none-eabi/lib\libg.a(lib_a-jp2uc.o)
 *fill*         0x0000000002021a73        0x1 ff
 .rodata.a2     0x0000000002021a74       0xbc c:/devkitpro/devkitarm/bin/../lib/gcc/arm-none-eabi/12.1.0/../../../../arm-none-eabi/lib\libg.a(lib_a-jp2uc.o)
 .rodata.a1     0x0000000002021b30       0xbc c:/devkitpro/devkitarm/bin/../lib/gcc/arm-none-eabi/12.1.0/../../../../arm-none-eabi/lib\libg.a(lib_a-jp2uc.o)
 .rodata.categories
                0x0000000002021bec     0x3528 c:/devkitpro/devkitarm/bin/../lib/gcc/arm-none-eabi/12.1.0/../../../../arm-none-eabi/lib\libg.a(lib_a-categories.o)
 .rodata.AddDevice.str1.4
                0x0000000002025114        0x8 c:/devkitpro/devkitarm/bin/../lib/gcc/arm-none-eabi/12.1.0/../../../../arm-none-eabi/lib\libsysbase.a(iosupport.o)
 .rodata.dotab_stdnull
                0x000000000202511c       0x70 c:/devkitpro/devkitarm/bin/../lib/gcc/arm-none-eabi/12.1.0/../../../../arm-none-eabi/lib\libsysbase.a(iosupport.o)
                0x000000000202511c                dotab_stdnull
 *(EXCLUDE_FILE(*.twl*) .gnu.linkonce.r*)
                0x000000000202518c                . = ALIGN (0x4)

.ARM.extab
 *(.ARM.extab* .gnu.linkonce.armextab.*)
                0x000000000202518c                __exidx_start = .

ARM.exidx
 *(.ARM.exidx* .gnu.linkonce.armexidx.*)
                0x000000000202518c                __exidx_end = .
                0x000000000202518c                . = ALIGN (0x4)
                0x000000000202518c                PROVIDE (__preinit_array_start = .)

.preinit_array
 *(.preinit_array)
                0x000000000202518c                PROVIDE (__preinit_array_end = .)
                0x000000000202518c                PROVIDE (__init_array_start = .)

.init_array     0x000000000202518c        0x4
 *(SORT_BY_NAME(.init_array.*))
 *(.init_array)
 .init_array    0x000000000202518c        0x4 c:/devkitpro/devkitarm/bin/../lib/gcc/arm-none-eabi/12.1.0/crtbegin.o
                0x0000000002025190                PROVIDE (__init_array_end = .)
                [!provide]                        PROVIDE (__fini_array_start = .)

.fini_array     0x0000000002025190        0x4
 *(.fini_array)
 .fini_array    0x0000000002025190        0x4 c:/devkitpro/devkitarm/bin/../lib/gcc/arm-none-eabi/12.1.0/crtbegin.o
 *(SORT_BY_NAME(.fini_array.*))
                [!provide]                        PROVIDE (__fini_array_end = .)

.ctors          0x0000000002025194        0x0
 *crtbegin.o(.ctors)
 *(EXCLUDE_FILE(*crtend.o) .ctors)
 *(SORT_BY_NAME(.ctors.*))
 *(.ctors)
                0x0000000002025194                . = ALIGN (0x4)

.dtors          0x0000000002025194        0x0
 *crtbegin.o(.dtors)
 *(EXCLUDE_FILE(*crtend.o) .dtors)
 *(SORT_BY_NAME(.dtors.*))
 *(.dtors)
                0x0000000002025194                . = ALIGN (0x4)

.eh_frame       0x0000000002025194        0x4
 *(.eh_frame)
 .eh_frame      0x0000000002025194        0x0 c:/devkitpro/devkitarm/bin/../lib/gcc/arm-none-eabi/12.1.0/crtbegin.o
 .eh_frame      0x0000000002025194        0x4 c:/devkitpro/devkitarm/bin/../lib/gcc/arm-none-eabi/12.1.0/crtend.o
                0x0000000002025198                . = ALIGN (0x4)

.gcc_except_table
                0x0000000002025198        0x0
 *(.gcc_except_table)
                0x0000000002025198                . = ALIGN (0x4)

.jcr
 *(.jcr)

.got
 *(.got.plt)
 *(.got)
 *(.rel.got)

.ewram          0x0000000002025198        0x0
                0x0000000002025198                __ewram_start = ABSOLUTE (.)
 *(.ewram)
 *ewram.*(.text)
                0x0000000002025198                . = ALIGN (0x4)

.data           0x0000000002025198     0x2860
                0x0000000002025198                __data_start = ABSOLUTE (.)
 *(EXCLUDE_FILE(*.twl*) .data)
 .data          0x0000000002025198       0x30 main.o
                0x0000000002025198                l1Col
                0x00000000020251a4                l1Pos
                0x00000000020251b0                l2Col
                0x00000000020251bc                l2Pos
 .data          0x00000000020251c8       0x28 C:/devkitPro/libnds/lib\libnds9.a(mpu_setup.o)
 *(EXCLUDE_FILE(*.twl*) .data.*)
 .data.ndsFileFD
                0x00000000020251f0        0x4 C:/devkitPro/libnds/lib\libfilesystem.a(nitrofs.o)
 .data.nitroFSdevoptab
                0x00000000020251f4       0x70 C:/devkitPro/libnds/lib\libfilesystem.a(nitrofs.o)
                0x00000000020251f4                nitroFSdevoptab
 .data.syspaths
                0x0000000002025264        0x8 C:/devkitPro/libnds/lib\libfilesystem.a(nitrofs.o)
                0x0000000002025264                syspaths
 .data.currentConsole
                0x000000000202526c        0x4 C:/devkitPro/libnds/lib\libnds9.a(console.o)
                0x000000000202526c                currentConsole
 .data.defaultConsole
                0x0000000002025270       0x5c C:/devkitPro/libnds/lib\libnds9.a(console.o)
                0x0000000002025270                defaultConsole
 .data.firstConsoleInit.0
                0x00000000020252cc        0x1 C:/devkitPro/libnds/lib\libnds9.a(console.o)
 *fill*         0x00000000020252cd        0x3 ff
 .data.glGlob   0x00000000020252d0        0x4 C:/devkitPro/libnds/lib\libnds9.a(videoGL.o)
 .data.count    0x00000000020252d4        0x1 C:/devkitPro/libnds/lib\libnds9.a(keys.o)
 .data.delay    0x00000000020252d5        0x1 C:/devkitPro/libnds/lib\libnds9.a(keys.o)
 .data.repeat   0x00000000020252d6        0x1 C:/devkitPro/libnds/lib\libnds9.a(keys.o)
 *fill*         0x00000000020252d7        0x1 ff
 .data.fifo_buffer_free
                0x00000000020252d8        0x4 C:/devkitPro/libnds/lib\libnds9.a(fifosystem.o)
                0x00000000020252d8                fifo_buffer_free
 .data.fifo_freewords
                0x00000000020252dc        0x4 C:/devkitPro/libnds/lib\libnds9.a(fifosystem.o)
                0x00000000020252dc                fifo_freewords
 .data.fifo_receive_queue
                0x00000000020252e0        0x4 C:/devkitPro/libnds/lib\libnds9.a(fifosystem.o)
                0x00000000020252e0                fifo_receive_queue
 .data.fifo_send_queue
                0x00000000020252e4        0x4 C:/devkitPro/libnds/lib\libnds9.a(fifosystem.o)
                0x00000000020252e4                fifo_send_queue
 .data.bgControl
                0x00000000020252e8       0x20 C:/devkitPro/libnds/lib\libnds9.a(background.o)
                0x00000000020252e8                bgControl
 .data.bgScrollTable
                0x0000000002025308       0x20 C:/devkitPro/libnds/lib\libnds9.a(background.o)
                0x0000000002025308                bgScrollTable
 .data.bgTransform
                0x0000000002025328       0x20 C:/devkitPro/libnds/lib\libnds9.a(background.o)
                0x0000000002025328                bgTransform
 .data._impure_ptr
                0x0000000002025348        0x4 c:/devkitpro/devkitarm/bin/../lib/gcc/arm-none-eabi/12.1.0/../../../../arm-none-eabi/lib\libg.a(lib_a-impure.o)
                0x0000000002025348                _impure_ptr
 *fill*         0x000000000202534c        0x4 ff
 .data.impure_data
                0x0000000002025350      0x460 c:/devkitpro/devkitarm/bin/../lib/gcc/arm-none-eabi/12.1.0/../../../../arm-none-eabi/lib\libg.a(lib_a-impure.o)
 .data.__global_locale
                0x00000000020257b0      0x16c c:/devkitpro/devkitarm/bin/../lib/gcc/arm-none-eabi/12.1.0/../../../../arm-none-eabi/lib\libg.a(lib_a-locale.o)
                0x00000000020257b0                __global_locale
 .data.__malloc_sbrk_base
                0x000000000202591c        0x4 c:/devkitpro/devkitarm/bin/../lib/gcc/arm-none-eabi/12.1.0/../../../../arm-none-eabi/lib\libg.a(lib_a-mallocr.o)
                0x000000000202591c                __malloc_sbrk_base
 .data.__malloc_trim_threshold
                0x0000000002025920        0x4 c:/devkitpro/devkitarm/bin/../lib/gcc/arm-none-eabi/12.1.0/../../../../arm-none-eabi/lib\libg.a(lib_a-mallocr.o)
                0x0000000002025920                __malloc_trim_threshold
 *fill*         0x0000000002025924        0x4 ff
 .data.__malloc_av_
                0x0000000002025928      0x408 c:/devkitpro/devkitarm/bin/../lib/gcc/arm-none-eabi/12.1.0/../../../../arm-none-eabi/lib\libg.a(lib_a-mallocr.o)
                0x0000000002025928                __malloc_av_
 .data._tzname  0x0000000002025d30        0x8 c:/devkitpro/devkitarm/bin/../lib/gcc/arm-none-eabi/12.1.0/../../../../arm-none-eabi/lib\libg.a(lib_a-tzvars.o)
                0x0000000002025d30                _tzname
 .data.tzinfo   0x0000000002025d38       0x58 c:/devkitpro/devkitarm/bin/../lib/gcc/arm-none-eabi/12.1.0/../../../../arm-none-eabi/lib\libg.a(lib_a-gettzinfo.o)
 .data.environ  0x0000000002025d90        0x4 c:/devkitpro/devkitarm/bin/../lib/gcc/arm-none-eabi/12.1.0/../../../../arm-none-eabi/lib\libg.a(lib_a-environ.o)
                0x0000000002025d90                environ
 .data.caseconv_table
                0x0000000002025d94      0x7b0 c:/devkitpro/devkitarm/bin/../lib/gcc/arm-none-eabi/12.1.0/../../../../arm-none-eabi/lib\libg.a(lib_a-towctrans_l.o)
 .data.devoptab_list
                0x0000000002026544       0x8c c:/devkitpro/devkitarm/bin/../lib/gcc/arm-none-eabi/12.1.0/../../../../arm-none-eabi/lib\libsysbase.a(iosupport.o)
                0x0000000002026544                devoptab_list
 .data.defaultDevice
                0x00000000020265d0        0x4 c:/devkitpro/devkitarm/bin/../lib/gcc/arm-none-eabi/12.1.0/../../../../arm-none-eabi/lib\libsysbase.a(iosupport.o)
 .data._current_working_directory
                0x00000000020265d4      0x400 c:/devkitpro/devkitarm/bin/../lib/gcc/arm-none-eabi/12.1.0/../../../../arm-none-eabi/lib\libsysbase.a(chdir.o)
 .data.handles  0x00000000020269d4     0x1000 c:/devkitpro/devkitarm/bin/../lib/gcc/arm-none-eabi/12.1.0/../../../../arm-none-eabi/lib\libsysbase.a(handle_manager.o)
 .data.__stderr_handle
                0x00000000020279d4        0xc c:/devkitpro/devkitarm/bin/../lib/gcc/arm-none-eabi/12.1.0/../../../../arm-none-eabi/lib\libsysbase.a(handle_manager.o)
 .data.__stdout_handle
                0x00000000020279e0        0xc c:/devkitpro/devkitarm/bin/../lib/gcc/arm-none-eabi/12.1.0/../../../../arm-none-eabi/lib\libsysbase.a(handle_manager.o)
 .data.__stdin_handle
                0x00000000020279ec        0xc c:/devkitpro/devkitarm/bin/../lib/gcc/arm-none-eabi/12.1.0/../../../../arm-none-eabi/lib\libsysbase.a(handle_manager.o)
 *(EXCLUDE_FILE(*.twl*) .gnu.linkonce.d*)
                0x00000000020279f8                . = ALIGN (0x4)
                0x00000000020279f8                __data_end = ABSOLUTE (.)
                0x00000000020279f8                __bss_vma = .

.igot.plt       0x00000000020279f8        0x0
 .igot.plt      0x00000000020279f8        0x0 c:/devkitpro/devkitarm/bin/../lib/gcc/arm-none-eabi/12.1.0/../../../../arm-none-eabi/lib/ds_arm9_crt0.o

.dtcm           0x0000000002ff0000        0x0 load address 0x00000000020279f8
                0x00000000020279f8                __dtcm_lma = LOADADDR (.dtcm)
                0x0000000002ff0000                __dtcm_start = ABSOLUTE (.)
 *(.dtcm)
 *(.dtcm.*)
                0x0000000002ff0000                . = ALIGN (0x4)
                0x0000000002ff0000                __dtcm_end = ABSOLUTE (.)

.itcm           0x0000000001000100      0x194 load address 0x00000000020279f8
                0x00000000020279f8                __itcm_lma = LOADADDR (.itcm)
                0x0000000001000100                __itcm_start = ABSOLUTE (.)
 *(.itcm)
 .itcm          0x0000000001000100       0xc8 C:/devkitPro/libnds/lib\libnds9.a(interrupts.o)
                0x0000000001000100                irqTable
 .itcm          0x00000000010001c8       0xcc C:/devkitPro/libnds/lib\libnds9.a(interruptDispatcher.o)
                0x00000000010001c8                IntrMain
 *.itcm*(.text .stub .text.*)
                0x0000000001000294                . = ALIGN (0x4)
                0x0000000001000294                __itcm_end = ABSOLUTE (.)

.vectors        0x0000000001000000        0x0 load address 0x0000000002027b8c
                0x0000000002027b8c                __vectors_lma = LOADADDR (.vectors)
                0x0000000001000000                __vectors_start = ABSOLUTE (.)
 *(.vectors .vectors.*)
                0x0000000001000000                . = ALIGN (0x4)
                0x0000000001000000                __vectors_end = ABSOLUTE (.)

.sbss           0x0000000002ff0000        0x0
                0x0000000002ff0000                __sbss_start = ABSOLUTE (.)